Component: ARM Compiler 5.06 update 3 (build 300) Tool: armlink [4d35c9]

==============================================================================

Section Cross References

    main.o(i.main) refers to stm32f1xx_hal.o(i.HAL_Init) for HAL_Init
    main.o(i.main) refers to sys.o(i.Stm32_Clock_Init) for Stm32_Clock_Init
    main.o(i.main) refers to delay.o(i.delay_init) for delay_init
    main.o(i.main) refers to led.o(i.LED_Init) for LED_Init
    main.o(i.main) refers to timer.o(i.TIM3_Init) for TIM3_Init
    main.o(i.main) refers to main.o(i.usart_init) for usart_init
    main.o(i.main) refers to task.o(i.InitTask) for InitTask
    main.o(i.main) refers to oled.o(i.OLED_Init) for OLED_Init
    main.o(i.main) refers to task.o(i.TaskRun) for TaskRun
    main.o(i.usart2_call_back) refers to usart.o(i.com_send_str) for com_send_str
    main.o(i.usart2_call_back) refers to usart.o(.bss) for usart2
    main.o(i.usart_init) refers to usart.o(i.com_init) for com_init
    main.o(i.usart_init) refers to usart.o(.bss) for usart2
    main.o(i.usart_init) refers to main.o(i.usart2_call_back) for usart2_call_back
    stm32f1xx_it.o(i.SysTick_Handler) refers to stm32f1xx_hal.o(i.HAL_IncTick) for HAL_IncTick
    stm32f1xx_it.o(i.SysTick_Handler) refers to stm32f1xx_hal_cortex.o(i.HAL_SYSTICK_IRQHandler) for HAL_SYSTICK_IRQHandler
    system_stm32f1xx.o(i.SystemCoreClockUpdate) refers to system_stm32f1xx.o(.data) for SystemCoreClock
    system_stm32f1xx.o(i.SystemCoreClockUpdate) refers to system_stm32f1xx.o(.constdata) for AHBPrescTable
    stm32f1xx_hal_msp.o(i.HAL_MspInit) refers to stm32f1xx_hal_cortex.o(i.HAL_NVIC_SetPriorityGrouping) for HAL_NVIC_SetPriorityGrouping
    stm32f1xx_hal_msp.o(i.HAL_MspInit) refers to stm32f1xx_hal_cortex.o(i.HAL_NVIC_SetPriority) for HAL_NVIC_SetPriority
    startup_stm32f107xc.o(STACK) refers (Special) to heapauxi.o(.text) for __use_two_region_memory
    startup_stm32f107xc.o(HEAP) refers (Special) to heapauxi.o(.text) for __use_two_region_memory
    startup_stm32f107xc.o(RESET) refers (Special) to heapauxi.o(.text) for __use_two_region_memory
    startup_stm32f107xc.o(RESET) refers to startup_stm32f107xc.o(STACK) for __initial_sp
    startup_stm32f107xc.o(RESET) refers to startup_stm32f107xc.o(.text) for Reset_Handler
    startup_stm32f107xc.o(RESET) refers to stm32f1xx_it.o(i.NMI_Handler) for NMI_Handler
    startup_stm32f107xc.o(RESET) refers to stm32f1xx_it.o(i.HardFault_Handler) for HardFault_Handler
    startup_stm32f107xc.o(RESET) refers to stm32f1xx_it.o(i.MemManage_Handler) for MemManage_Handler
    startup_stm32f107xc.o(RESET) refers to stm32f1xx_it.o(i.BusFault_Handler) for BusFault_Handler
    startup_stm32f107xc.o(RESET) refers to stm32f1xx_it.o(i.UsageFault_Handler) for UsageFault_Handler
    startup_stm32f107xc.o(RESET) refers to stm32f1xx_it.o(i.SVC_Handler) for SVC_Handler
    startup_stm32f107xc.o(RESET) refers to stm32f1xx_it.o(i.DebugMon_Handler) for DebugMon_Handler
    startup_stm32f107xc.o(RESET) refers to stm32f1xx_it.o(i.PendSV_Handler) for PendSV_Handler
    startup_stm32f107xc.o(RESET) refers to stm32f1xx_it.o(i.SysTick_Handler) for SysTick_Handler
    startup_stm32f107xc.o(RESET) refers to usart.o(i.DMA1_Channel2_IRQHandler) for DMA1_Channel2_IRQHandler
    startup_stm32f107xc.o(RESET) refers to usart.o(i.DMA1_Channel3_IRQHandler) for DMA1_Channel3_IRQHandler
    startup_stm32f107xc.o(RESET) refers to usart.o(i.DMA1_Channel4_IRQHandler) for DMA1_Channel4_IRQHandler
    startup_stm32f107xc.o(RESET) refers to usart.o(i.DMA1_Channel5_IRQHandler) for DMA1_Channel5_IRQHandler
    startup_stm32f107xc.o(RESET) refers to usart.o(i.DMA1_Channel6_IRQHandler) for DMA1_Channel6_IRQHandler
    startup_stm32f107xc.o(RESET) refers to usart.o(i.DMA1_Channel7_IRQHandler) for DMA1_Channel7_IRQHandler
    startup_stm32f107xc.o(RESET) refers to timer.o(i.TIM3_IRQHandler) for TIM3_IRQHandler
    startup_stm32f107xc.o(RESET) refers to usart.o(i.USART1_IRQHandler) for USART1_IRQHandler
    startup_stm32f107xc.o(RESET) refers to usart.o(i.USART2_IRQHandler) for USART2_IRQHandler
    startup_stm32f107xc.o(RESET) refers to usart.o(i.USART3_IRQHandler) for USART3_IRQHandler
    startup_stm32f107xc.o(RESET) refers to usart.o(i.UART4_IRQHandler) for UART4_IRQHandler
    startup_stm32f107xc.o(RESET) refers to usart.o(i.DMA2_Channel3_IRQHandler) for DMA2_Channel3_IRQHandler
    startup_stm32f107xc.o(RESET) refers to usart.o(i.DMA2_Channel5_IRQHandler) for DMA2_Channel5_IRQHandler
    startup_stm32f107xc.o(.text) refers (Special) to heapauxi.o(.text) for __use_two_region_memory
    startup_stm32f107xc.o(.text) refers to system_stm32f1xx.o(i.SystemInit) for SystemInit
    startup_stm32f107xc.o(.text) refers to __main.o(!!!main) for __main
    startup_stm32f107xc.o(.text) refers to startup_stm32f107xc.o(HEAP) for Heap_Mem
    startup_stm32f107xc.o(.text) refers to startup_stm32f107xc.o(STACK) for Stack_Mem
[...]
    Removing stm32f1xx_hal.o(i.HAL_GetREVID), (12 bytes).
    Removing stm32f1xx_hal.o(i.HAL_GetTickFreq), (12 bytes).
    Removing stm32f1xx_hal.o(i.HAL_GetTickPrio), (12 bytes).
    Removing stm32f1xx_hal.o(i.HAL_GetUID), (28 bytes).
    Removing stm32f1xx_hal.o(i.HAL_MspDeInit), (2 bytes).
    Removing stm32f1xx_hal.o(i.HAL_MspInit), (2 bytes).
    Removing stm32f1xx_hal.o(i.HAL_ResumeTick), (18 bytes).
    Removing stm32f1xx_hal.o(i.HAL_SetTickFreq), (40 bytes).
    Removing stm32f1xx_hal.o(i.HAL_SuspendTick), (18 bytes).
    Removing delay.o(.rev16_text), (4 bytes).
    Removing delay.o(.revsh_text), (4 bytes).
    Removing delay.o(.rrx_text), (6 bytes).
    Removing delay.o(i.delay_ms), (24 bytes).
    Removing delay.o(i.delay_us), (72 bytes).
    Removing sys.o(.rev16_text), (4 bytes).
    Removing sys.o(.revsh_text), (4 bytes).
    Removing sys.o(.rrx_text), (6 bytes).
    Removing sys.o(.emb_text), (6 bytes).
    Removing sys.o(i.INTX_DISABLE), (4 bytes).
    Removing sys.o(i.INTX_ENABLE), (4 bytes).
    Removing sys.o(i.WFI_SET), (4 bytes).
    Removing usart.o(.rev16_text), (4 bytes).
    Removing usart.o(.revsh_text), (4 bytes).
    Removing usart.o(.rrx_text), (6 bytes).
    Removing usart.o(i.com_send_byte), (66 bytes).
    Removing usart.o(i.com_send_pstr), (100 bytes).
    Removing usart.o(i.fputc), (28 bytes).
    Removing usart.o(.data), (8 bytes).
    Removing task.o(.rev16_text), (4 bytes).
    Removing task.o(.revsh_text), (4 bytes).
    Removing task.o(.rrx_text), (6 bytes).
    Removing led.o(.rev16_text), (4 bytes).
    Removing led.o(.revsh_text), (4 bytes).
    Removing led.o(.rrx_text), (6 bytes).
    Removing key.o(.rev16_text), (4 bytes).
    Removing key.o(.revsh_text), (4 bytes).
    Removing key.o(.rrx_text), (6 bytes).
    Removing key.o(i.KEY_Init), (124 bytes).
    Removing key.o(i.KEY_Scan), (36 bytes).
    Removing key.o(i.KeyRead), (32 bytes).
    Removing key.o(.data), (9 bytes).
    Removing timer.o(.rev16_text), (4 bytes).
    Removing timer.o(.revsh_text), (4 bytes).
    Removing timer.o(.rrx_text), (6 bytes).
    Removing oled.o(.rev16_text), (4 bytes).
    Removing oled.o(.revsh_text), (4 bytes).
    Removing oled.o(.rrx_text), (6 bytes).
    Removing oled.o(i.Draw_Line), (628 bytes).
    Removing oled.o(i.Draw_Rectangle), (632 bytes).
    Removing oled.o(i.Fill_Block), (106 bytes).
    Removing oled.o(i.Grayscale), (260 bytes).
    Removing oled.o(i.OLED_Clear), (48 bytes).
    Removing oled.o(i.OLED_Fill), (58 bytes).
    Removing oled.o(i.OLED_ShowNum), (152 bytes).
    Removing oled.o(i.OLED_ShowString), (122 bytes).
    Removing oled.o(i.Set_Display_Offset), (22 bytes).
    Removing oled.o(i.Set_Gray_Scale_Table), (140 bytes).
    Removing oled.o(i.Set_Linear_Gray_Scale_Table), (12 bytes).
    Removing oled.o(i.Set_Master_Current), (22 bytes).
    Removing oled.o(i.Set_Partial_Display), (38 bytes).
    Removing oled.o(i.Set_Read_RAM), (12 bytes).
    Removing oled.o(i.Set_Remap_Format), (30 bytes).
    Removing oled.o(i.Set_Start_Line), (22 bytes).
    Removing oled.o(i.Show_Pattern), (116 bytes).
    Removing oled.o(i.Vertical_Scroll), (132 bytes).
    Removing oled.o(i.mypow), (22 bytes).
    Removing disdemo.o(.rev16_text), (4 bytes).
    Removing disdemo.o(.revsh_text), (4 bytes).
    Removing disdemo.o(.rrx_text), (6 bytes).
    Removing disdemo.o(i.Demo_OpMenu1), (2 bytes).
    Removing disdemo.o(i.DisDemo), (432 bytes).
    Removing disdemo.o(.bss), (2452 bytes).
    Removing disdemo.o(.data), (9 bytes).

597 unused section(s) (total 54616 bytes) removed from the image.

==============================================================================

Image Symbol Table

    Local Symbols

    Symbol Name                              Value     Ov Type        Size  Object(Section)

    ../clib/angel/boardlib.s                 0x00000000   Number         0  boardinit2.o ABSOLUTE
    ../clib/angel/boardlib.s                 0x00000000   Number         0  boardinit1.o ABSOLUTE
    ../clib/angel/boardlib.s                 0x00000000   Number         0  boardshut.o ABSOLUTE
    ../clib/angel/boardlib.s                 0x00000000   Number         0  boardinit3.o ABSOLUTE
    ../clib/angel/dclz77c.s                  0x00000000   Number         0  __dclz77c.o ABSOLUTE
    ../clib/angel/handlers.s                 0x00000000   Number         0  __scatter_zi.o ABSOLUTE
    ../clib/angel/kernel.s                   0x00000000   Number         0  rtexit2.o ABSOLUTE
    ../clib/angel/kernel.s                   0x00000000   Number         0  __rtentry.o ABSOLUTE
    ../clib/angel/kernel.s                   0x00000000   Number         0  __rtentry2.o ABSOLUTE
    ../clib/angel/kernel.s                   0x00000000   Number         0  __rtentry4.o ABSOLUTE
    ../clib/angel/kernel.s                   0x00000000   Number         0  rtexit.o ABSOLUTE
    ../clib/angel/rt.s                       0x00000000   Number         0  aeabi_ldiv0.o ABSOLUTE
    ../clib/angel/rt.s                       0x00000000   Number         0  aeabi_ldiv0_sigfpe.o ABSOLUTE
    ../clib/angel/rt.s                       0x00000000   Number         0  rt_div0.o ABSOLUTE
    ../clib/angel/rt.s                       0x00000000   Number         0  rt_raise.o ABSOLUTE
    ../clib/angel/scatter.s                  0x00000000   Number         0  __scatter.o ABSOLUTE
    ../clib/angel/startup.s                  0x00000000   Number         0  __main.o ABSOLUTE
    ../clib/angel/sys.s                      0x00000000   Number         0  use_no_semi_2.o ABSOLUTE
    ../clib/angel/sys.s                      0x00000000   Number         0  sys_stackheap_outer.o ABSOLUTE
    ../clib/angel/sys.s                      0x00000000   Number         0  indicate_semi.o ABSOLUTE
    ../clib/angel/sys.s                      0x00000000   Number         0  use_no_semi.o ABSOLUTE
    ../clib/angel/sys.s                      0x00000000   Number         0  libspace.o ABSOLUTE
    ../clib/angel/sysapp.c                   0x00000000   Number         0  sys_wrch.o ABSOLUTE
    ../clib/angel/sysapp.c                   0x00000000   Number         0  sys_command.o ABSOLUTE
    ../clib/armsys.c                         0x00000000   Number         0  argv_veneer.o ABSOLUTE
    ../clib/armsys.c                         0x00000000   Number         0  no_argv.o ABSOLUTE
    ../clib/armsys.c                         0x00000000   Number         0  _get_argv_nomalloc.o ABSOLUTE
    ../clib/armsys.c                         0x00000000   Number         0  argv_veneer.o ABSOLUTE
    ../clib/heapalloc.c                      0x00000000   Number         0  hrguard.o ABSOLUTE
    ../clib/heapaux.c                        0x00000000   Number         0  heapauxi.o ABSOLUTE
    ../clib/libinit.s                        0x00000000   Number         0  libinit2.o ABSOLUTE
    ../clib/libinit.s                        0x00000000   Number         0  libshutdown.o ABSOLUTE
    ../clib/libinit.s                        0x00000000   Number         0  libinit.o ABSOLUTE
    ../clib/libinit.s                        0x00000000   Number         0  libshutdown2.o ABSOLUTE
    ../clib/longlong.s                       0x00000000   Number         0  lludivv7m.o ABSOLUTE
    ../clib/signal.c                         0x00000000   Number         0  defsig_general.o ABSOLUTE
    ../clib/signal.c                         0x00000000   Number         0  defsig_rtmem_formal.o ABSOLUTE
    ../clib/signal.c                         0x00000000   Number         0  defsig_rtmem_outer.o ABSOLUTE
    ../clib/signal.c                         0x00000000   Number         0  defsig_rtmem_inner.o ABSOLUTE
    ../clib/signal.c                         0x00000000   Number         0  defsig_exit.o ABSOLUTE
    ../clib/signal.c                         0x00000000   Number         0  defsig_stak_inner.o ABSOLUTE
    ../clib/signal.c                         0x00000000   Number         0  defsig_segv_inner.o ABSOLUTE
    ../clib/signal.c                         0x00000000   Number         0  defsig_rtred_inner.o ABSOLUTE
    ../clib/signal.c                         0x00000000   Number         0  defsig_abrt_inner.o ABSOLUTE
    ../clib/signal.c                         0x00000000   Number         0  defsig_other.o ABSOLUTE
    ../clib/signal.c                         0x00000000   Number         0  __raise.o ABSOLUTE
    ../clib/signal.c                         0x00000000   Number         0  defsig_fpe_inner.o ABSOLUTE
    ../clib/signal.c                         0x00000000   Number         0  defsig_fpe_outer.o ABSOLUTE
    ../clib/signal.c                         0x00000000   Number         0  defsig_fpe_formal.o ABSOLUTE
    ../clib/signal.c                         0x00000000   Number         0  defsig_pvfn_inner.o ABSOLUTE
    ../clib/signal.c                         0x00000000   Number         0  defsig_cppl_inner.o ABSOLUTE
    ../clib/signal.s                         0x00000000   Number         0  defsig.o ABSOLUTE
    ../clib/stdlib.c                         0x00000000   Number         0  exit.o ABSOLUTE
    ../fplib/fpinit.s                        0x00000000   Number         0  fpinit.o ABSOLUTE
    ..\CORE\asm\startup_stm32f107xc.s        0x00000000   Number         0  startup_stm32f107xc.o ABSOLUTE
    ..\HALLIB\STM32F1xx_HAL_Driver\Src\stm32f1xx_hal.c 0x00000000   Number         0  stm32f1xx_hal.o ABSOLUTE
    ..\HALLIB\STM32F1xx_HAL_Driver\Src\stm32f1xx_hal_cec.c 0x00000000   Number         0  stm32f1xx_hal_cec.o ABSOLUTE
    ..\HALLIB\STM32F1xx_HAL_Driver\Src\stm32f1xx_hal_cortex.c 0x00000000   Number         0  stm32f1xx_hal_cortex.o ABSOLUTE
    ..\HALLIB\STM32F1xx_HAL_Driver\Src\stm32f1xx_hal_crc.c 0x00000000   Number         0  stm32f1xx_hal_crc.o ABSOLUTE
    ..\HALLIB\STM32F1xx_HAL_Driver\Src\stm32f1xx_hal_dac.c 0x00000000   Number         0  stm32f1xx_hal_dac.o ABSOLUTE
    ..\HALLIB\STM32F1xx_HAL_Driver\Src\stm32f1xx_hal_dac_ex.c 0x00000000   Number         0  stm32f1xx_hal_dac_ex.o ABSOLUTE
    ..\HALLIB\STM32F1xx_HAL_Driver\Src\stm32f1xx_hal_dma.c 0x00000000   Number         0  stm32f1xx_hal_dma.o ABSOLUTE
    ..\HALLIB\STM32F1xx_HAL_Driver\Src\stm32f1xx_hal_gpio.c 0x00000000   Number         0  stm32f1xx_hal_gpio.o ABSOLUTE
    ..\HALLIB\STM32F1xx_HAL_Driver\Src\stm32f1xx_hal_gpio_ex.c 0x00000000   Number         0  stm32f1xx_hal_gpio_ex.o ABSOLUTE
    ..\HALLIB\STM32F1xx_HAL_Driver\Src\stm32f1xx_hal_i2c.c 0x00000000   Number         0  stm32f1xx_hal_i2c.o ABSOLUTE
    ..\HALLIB\STM32F1xx_HAL_Driver\Src\stm32f1xx_hal_iwdg.c 0x00000000   Number         0  stm32f1xx_hal_iwdg.o ABSOLUTE
    ..\HALLIB\STM32F1xx_HAL_Driver\Src\stm32f1xx_hal_pwr.c 0x00000000   Number         0  stm32f1xx_hal_pwr.o ABSOLUTE
    ..\HALLIB\STM32F1xx_HAL_Driver\Src\stm32f1xx_hal_rcc.c 0x00000000   Number         0  stm32f1xx_hal_rcc.o ABSOLUTE
    ..\HALLIB\STM32F1xx_HAL_Driver\Src\stm32f1xx_hal_rcc_ex.c 0x00000000   Number         0  stm32f1xx_hal_rcc_ex.o ABSOLUTE
    ..\HALLIB\STM32F1xx_HAL_Driver\Src\stm32f1xx_hal_spi.c 0x00000000   Number         0  stm32f1xx_hal_spi.o ABSOLUTE
    ..\HALLIB\STM32F1xx_HAL_Driver\Src\stm32f1xx_hal_spi_ex.c 0x00000000   Number         0  stm32f1xx_hal_spi_ex.o ABSOLUTE
    ..\HALLIB\STM32F1xx_HAL_Driver\Src\stm32f1xx_hal_tim.c 0x00000000   Number         0  stm32f1xx_hal_tim.o ABSOLUTE
    ..\HALLIB\STM32F1xx_HAL_Driver\Src\stm32f1xx_hal_tim_ex.c 0x00000000   Number         0  stm32f1xx_hal_tim_ex.o ABSOLUTE
    ..\HALLIB\STM32F1xx_HAL_Driver\Src\stm32f1xx_hal_uart.c 0x00000000   Number         0  stm32f1xx_hal_uart.o ABSOLUTE
    ..\HALLIB\STM32F1xx_HAL_Driver\Src\stm32f1xx_hal_usart.c 0x00000000   Number         0  stm32f1xx_hal_usart.o ABSOLUTE
    ..\HALLIB\STM32F1xx_HAL_Driver\Src\stm32f1xx_hal_wwdg.c 0x00000000   Number         0  stm32f1xx_hal_wwdg.o ABSOLUTE
    ..\HARDWARE\KEY\key.c                    0x00000000   Number         0  key.o ABSOLUTE
    ..\HARDWARE\LED\led.c                    0x00000000   Number         0  led.o ABSOLUTE
    ..\HARDWARE\OLED\disdemo.c               0x00000000   Number         0  disdemo.o ABSOLUTE
    ..\HARDWARE\OLED\oled.c                  0x00000000   Number         0  oled.o ABSOLUTE
    ..\HARDWARE\TIMER\timer.c                0x00000000   Number         0  timer.o ABSOLUTE
    ..\SYSTEM\delay\delay.c                  0x00000000   Number         0  delay.o ABSOLUTE
    ..\SYSTEM\sys\sys.c                      0x00000000   Number         0  sys.o ABSOLUTE
    ..\SYSTEM\task\task.c                    0x00000000   Number         0  task.o ABSOLUTE
    ..\SYSTEM\usart\usart.c                  0x00000000   Number         0  usart.o ABSOLUTE
    ..\\HALLIB\\STM32F1xx_HAL_Driver\\Src\\stm32f1xx_hal.c 0x00000000   Number         0  stm32f1xx_hal.o ABSOLUTE
    ..\\HALLIB\\STM32F1xx_HAL_Driver\\Src\\stm32f1xx_hal_cec.c 0x00000000   Number         0  stm32f1xx_hal_cec.o ABSOLUTE
    ..\\HALLIB\\STM32F1xx_HAL_Driver\\Src\\stm32f1xx_hal_cortex.c 0x00000000   Number         0  stm32f1xx_hal_cortex.o ABSOLUTE
    ..\\HALLIB\\STM32F1xx_HAL_Driver\\Src\\stm32f1xx_hal_crc.c 0x00000000   Number         0  stm32f1xx_hal_crc.o ABSOLUTE
    ..\\HALLIB\\STM32F1xx_HAL_Driver\\Src\\stm32f1xx_hal_dac.c 0x00000000   Number         0  stm32f1xx_hal_dac.o ABSOLUTE
    ..\\HALLIB\\STM32F1xx_HAL_Driver\\Src\\stm32f1xx_hal_dac_ex.c 0x00000000   Number         0  stm32f1xx_hal_dac_ex.o ABSOLUTE
    ..\\HALLIB\\STM32F1xx_HAL_Driver\\Src\\stm32f1xx_hal_dma.c 0x00000000   Number         0  stm32f1xx_hal_dma.o ABSOLUTE
    ..\\HALLIB\\STM32F1xx_HAL_Driver\\Src\\stm32f1xx_hal_gpio.c 0x00000000   Number         0  stm32f1xx_hal_gpio.o ABSOLUTE
    ..\\HALLIB\\STM32F1xx_HAL_Driver\\Src\\stm32f1xx_hal_gpio_ex.c 0x00000000   Number         0  stm32f1xx_hal_gpio_ex.o ABSOLUTE
    ..\\HALLIB\\STM32F1xx_HAL_Driver\\Src\\stm32f1xx_hal_i2c.c 0x00000000   Number         0  stm32f1xx_hal_i2c.o ABSOLUTE
    ..\\HALLIB\\STM32F1xx_HAL_Driver\\Src\\stm32f1xx_hal_iwdg.c 0x00000000   Number         0  stm32f1xx_hal_iwdg.o ABSOLUTE
    ..\\HALLIB\\STM32F1xx_HAL_Driver\\Src\\stm32f1xx_hal_pwr.c 0x00000000   Number         0  stm32f1xx_hal_pwr.o ABSOLUTE
    ..\\HALLIB\\STM32F1xx_HAL_Driver\\Src\\stm32f1xx_hal_rcc.c 0x00000000   Number         0  stm32f1xx_hal_rcc.o ABSOLUTE
    ..\\HALLIB\\STM32F1xx_HAL_Driver\\Src\\stm32f1xx_hal_rcc_ex.c 0x00000000   Number         0  stm32f1xx_hal_rcc_ex.o ABSOLUTE
    ..\\HALLIB\\STM32F1xx_HAL_Driver\\Src\\stm32f1xx_hal_spi.c 0x00000000   Number         0  stm32f1xx_hal_spi.o ABSOLUTE
    ..\\HALLIB\\STM32F1xx_HAL_Driver\\Src\\stm32f1xx_hal_spi_ex.c 0x00000000   Number         0  stm32f1xx_hal_spi_ex.o ABSOLUTE
    ..\\HALLIB\\STM32F1xx_HAL_Driver\\Src\\stm32f1xx_hal_tim.c 0x00000000   Number         0  stm32f1xx_hal_tim.o ABSOLUTE
    ..\\HALLIB\\STM32F1xx_HAL_Driver\\Src\\stm32f1xx_hal_tim_ex.c 0x00000000   Number         0  stm32f1xx_hal_tim_ex.o ABSOLUTE
    ..\\HALLIB\\STM32F1xx_HAL_Driver\\Src\\stm32f1xx_hal_uart.c 0x00000000   Number         0  stm32f1xx_hal_uart.o ABSOLUTE
    ..\\HALLIB\\STM32F1xx_HAL_Driver\\Src\\stm32f1xx_hal_usart.c 0x00000000   Number         0  stm32f1xx_hal_usart.o ABSOLUTE
    ..\\HALLIB\\STM32F1xx_HAL_Driver\\Src\\stm32f1xx_hal_wwdg.c 0x00000000   Number         0  stm32f1xx_hal_wwdg.o ABSOLUTE
    ..\\HARDWARE\\KEY\\key.c                 0x00000000   Number         0  key.o ABSOLUTE
    ..\\HARDWARE\\LED\\led.c                 0x00000000   Number         0  led.o ABSOLUTE
    ..\\HARDWARE\\OLED\\disdemo.c            0x00000000   Number         0  disdemo.o ABSOLUTE
    ..\\HARDWARE\\OLED\\oled.c               0x00000000   Number         0  oled.o ABSOLUTE
    ..\\HARDWARE\\TIMER\\timer.c             0x00000000   Number         0  timer.o ABSOLUTE
    ..\\SYSTEM\\delay\\delay.c               0x00000000   Number         0  delay.o ABSOLUTE
    ..\\SYSTEM\\sys\\sys.c                   0x00000000   Number         0  sys.o ABSOLUTE
    ..\\SYSTEM\\task\\task.c                 0x00000000   Number         0  task.o ABSOLUTE
    ..\\SYSTEM\\usart\\usart.c               0x00000000   Number         0  usart.o ABSOLUTE
    dc.s                                     0x00000000   Number         0  dc.o ABSOLUTE
    main.c                                   0x00000000   Number         0  main.o ABSOLUTE
    main.c                                   0x00000000   Number         0  main.o ABSOLUTE
    stm32f1xx_hal_msp.c                      0x00000000   Number         0  stm32f1xx_hal_msp.o ABSOLUTE
    stm32f1xx_hal_msp.c                      0x00000000   Number         0  stm32f1xx_hal_msp.o ABSOLUTE
    stm32f1xx_it.c                           0x00000000   Number         0  stm32f1xx_it.o ABSOLUTE
    stm32f1xx_it.c                           0x00000000   Number         0  stm32f1xx_it.o ABSOLUTE
    system_stm32f1xx.c                       0x00000000   Number         0  system_stm32f1xx.o ABSOLUTE
    system_stm32f1xx.c                       0x00000000   Number         0  system_stm32f1xx.o ABSOLUTE
    RESET                                    0x08000000   Section      336  startup_stm32f107xc.o(RESET)
    !!!main                                  0x08000150   Section        8  __main.o(!!!main)
    !!!scatter                               0x08000158   Section       52  __scatter.o(!!!scatter)
    !!dclz77c                                0x0800018c   Section      100  __dclz77c.o(!!dclz77c)
    !!handler_zi                             0x080001f0   Section       28  __scatter_zi.o(!!handler_zi)
    .ARM.Collect$$libinit$$00000000          0x0800020c   Section        2  libinit.o(.ARM.Collect$$libinit$$00000000)
    .ARM.Collect$$libinit$$00000002          0x0800020e   Section        0  libinit2.o(.ARM.Collect$$libinit$$00000002)
    .ARM.Collect$$libinit$$00000004          0x0800020e   Section        0  libinit2.o(.ARM.Collect$$libinit$$00000004)
    .ARM.Collect$$libinit$$0000000A          0x0800020e   Section        0  libinit2.o(.ARM.Collect$$libinit$$0000000A)
    .ARM.Collect$$libinit$$0000000C          0x0800020e   Section        0  libinit2.o(.ARM.Collect$$libinit$$0000000C)
    .ARM.Collect$$libinit$$0000000E          0x0800020e   Section        0  libinit2.o(.ARM.Collect$$libinit$$0000000E)
    .ARM.Collect$$libinit$$00000011          0x0800020e   Section        0  libinit2.o(.ARM.Collect$$libinit$$00000011)
    .ARM.Collect$$libinit$$00000013          0x0800020e   Section        0  libinit2.o(.ARM.Collect$$libinit$$00000013)
    .ARM.Collect$$libinit$$00000015          0x0800020e   Section        0  libinit2.o(.ARM.Collect$$libinit$$00000015)
    .ARM.Collect$$libinit$$00000017          0x0800020e   Section        0  libinit2.o(.ARM.Collect$$libinit$$00000017)
    .ARM.Collect$$libinit$$00000019          0x0800020e   Section        0  libinit2.o(.ARM.Collect$$libinit$$00000019)
    .ARM.Collect$$libinit$$0000001B          0x0800020e   Section        0  libinit2.o(.ARM.Collect$$libinit$$0000001B)
    .ARM.Collect$$libinit$$0000001D          0x0800020e   Section        0  libinit2.o(.ARM.Collect$$libinit$$0000001D)
    .ARM.Collect$$libinit$$0000001F          0x0800020e   Section        0  libinit2.o(.ARM.Collect$$libinit$$0000001F)
    .ARM.Collect$$libinit$$00000021          0x0800020e   Section        0  libinit2.o(.ARM.Collect$$libinit$$00000021)
    .ARM.Collect$$libinit$$00000023          0x0800020e   Section        0  libinit2.o(.ARM.Collect$$libinit$$00000023)
    .ARM.Collect$$libinit$$00000025          0x0800020e   Section        0  libinit2.o(.ARM.Collect$$libinit$$00000025)
    .ARM.Collect$$libinit$$0000002C          0x0800020e   Section        0  libinit2.o(.ARM.Collect$$libinit$$0000002C)
    .ARM.Collect$$libinit$$0000002E          0x0800020e   Section        0  libinit2.o(.ARM.Collect$$libinit$$0000002E)
    .ARM.Collect$$libinit$$00000030          0x0800020e   Section        0  libinit2.o(.ARM.Collect$$libinit$$00000030)
    .ARM.Collect$$libinit$$00000032          0x0800020e   Section        0  libinit2.o(.ARM.Collect$$libinit$$00000032)
    .ARM.Collect$$libinit$$00000033          0x0800020e   Section        2  libinit2.o(.ARM.Collect$$libinit$$00000033)
    .ARM.Collect$$libshutdown$$00000000      0x08000210   Section        2  libshutdown.o(.ARM.Collect$$libshutdown$$00000000)
    .ARM.Collect$$libshutdown$$00000002      0x08000212   Section        0  libshutdown2.o(.ARM.Collect$$libshutdown$$00000002)
    .ARM.Collect$$libshutdown$$00000004      0x08000212   Section        0  libshutdown2.o(.ARM.Collect$$libshutdown$$00000004)
    .ARM.Collect$$libshutdown$$00000007      0x08000212   Section        0  libshutdown2.o(.ARM.Collect$$libshutdown$$00000007)
    .ARM.Collect$$libshutdown$$0000000A      0x08000212   Section        0  libshutdown2.o(.ARM.Collect$$libshutdown$$0000000A)
    .ARM.Collect$$libshutdown$$0000000C      0x08000212   Section        0  libshutdown2.o(.ARM.Collect$$libshutdown$$0000000C)
    .ARM.Collect$$libshutdown$$0000000F      0x08000212   Section        0  libshutdown2.o(.ARM.Collect$$libshutdown$$0000000F)
    .ARM.Collect$$libshutdown$$00000010      0x08000212   Section        2  libshutdown2.o(.ARM.Collect$$libshutdown$$00000010)
    .ARM.Collect$$rtentry$$00000000          0x08000214   Section        0  __rtentry.o(.ARM.Collect$$rtentry$$00000000)
    .ARM.Collect$$rtentry$$00000002          0x08000214   Section        0  __rtentry2.o(.ARM.Collect$$rtentry$$00000002)
    .ARM.Collect$$rtentry$$00000004          0x08000214   Section        6  __rtentry4.o(.ARM.Collect$$rtentry$$00000004)
    .ARM.Collect$$rtentry$$00000009          0x0800021a   Section        0  __rtentry2.o(.ARM.Collect$$rtentry$$00000009)
    .ARM.Collect$$rtentry$$0000000A          0x0800021a   Section        4  __rtentry2.o(.ARM.Collect$$rtentry$$0000000A)
    .ARM.Collect$$rtentry$$0000000C          0x0800021e   Section        0  __rtentry2.o(.ARM.Collect$$rtentry$$0000000C)
    .ARM.Collect$$rtentry$$0000000D          0x0800021e   Section        8  __rtentry2.o(.ARM.Collect$$rtentry$$0000000D)
    .ARM.Collect$$rtexit$$00000000           0x08000226   Section        2  rtexit.o(.ARM.Collect$$rtexit$$00000000)
    .ARM.Collect$$rtexit$$00000002           0x08000228   Section        0  rtexit2.o(.ARM.Collect$$rtexit$$00000002)
    .ARM.Collect$$rtexit$$00000003           0x08000228   Section        4  rtexit2.o(.ARM.Collect$$rtexit$$00000003)
    .ARM.Collect$$rtexit$$00000004           0x0800022c   Section        6  rtexit2.o(.ARM.Collect$$rtexit$$00000004)
    .text                                    0x08000234   Section       64  startup_stm32f107xc.o(.text)
    .text                                    0x08000274   Section        2  use_no_semi_2.o(.text)
    .text                                    0x08000276   Section      238  lludivv7m.o(.text)
    .text                                    0x08000364   Section        0  heapauxi.o(.text)
    .text                                    0x0800036a   Section        2  use_no_semi.o(.text)
    .text                                    0x0800036c   Section       74  sys_stackheap_outer.o(.text)
    .text                                    0x080003b6   Section        0  exit.o(.text)
    .text                                    0x080003c8   Section        8  libspace.o(.text)
    i.BusFault_Handler                       0x080003d0   Section        0  stm32f1xx_it.o(i.BusFault_Handler)
    i.Con_4_byte                             0x080003d4   Section        0  oled.o(i.Con_4_byte)
    i.DHT11_Task                             0x08000484   Section        0  task.o(i.DHT11_Task)
    i.DMA1_Channel2_IRQHandler               0x080004ac   Section        0  usart.o(i.DMA1_Channel2_IRQHandler)
    i.DMA1_Channel3_IRQHandler               0x080004bc   Section        0  usart.o(i.DMA1_Channel3_IRQHandler)
    i.DMA1_Channel4_IRQHandler               0x080004cc   Section        0  usart.o(i.DMA1_Channel4_IRQHandler)
    i.DMA1_Channel5_IRQHandler               0x080004dc   Section        0  usart.o(i.DMA1_Channel5_IRQHandler)
    i.DMA1_Channel6_IRQHandler               0x080004ec   Section        0  usart.o(i.DMA1_Channel6_IRQHandler)
    i.DMA1_Channel7_IRQHandler               0x080004fc   Section        0  usart.o(i.DMA1_Channel7_IRQHandler)
    i.DMA2_Channel3_IRQHandler               0x0800050c   Section        0  usart.o(i.DMA2_Channel3_IRQHandler)
    i.DMA2_Channel5_IRQHandler               0x0800051c   Section        0  usart.o(i.DMA2_Channel5_IRQHandler)
    i.DMA_SetConfig                          0x0800052c   Section        0  stm32f1xx_hal_dma.o(i.DMA_SetConfig)
    DMA_SetConfig                            0x0800052d   Thumb Code    44  stm32f1xx_hal_dma.o(i.DMA_SetConfig)
    i.DebugMon_Handler                       0x08000558   Section        0  stm32f1xx_it.o(i.DebugMon_Handler)
    i.Fill_RAM                               0x0800055a   Section        0  oled.o(i.Fill_RAM)
    i.GetFontIndex                           0x0800059c   Section        0  oled.o(i.GetFontIndex)
    i.HAL_DMA_Abort                          0x080005f4   Section        0  stm32f1xx_hal_dma.o(i.HAL_DMA_Abort)
    i.HAL_DMA_Abort_IT                       0x08000630   Section        0  stm32f1xx_hal_dma.o(i.HAL_DMA_Abort_IT)
    i.HAL_DMA_IRQHandler                     0x080007d8   Section        0  stm32f1xx_hal_dma.o(i.HAL_DMA_IRQHandler)
    i.HAL_DMA_Init                           0x08000b70   Section        0  stm32f1xx_hal_dma.o(i.HAL_DMA_Init)
    i.HAL_DMA_Start_IT                       0x08000c04   Section        0  stm32f1xx_hal_dma.o(i.HAL_DMA_Start_IT)
    i.HAL_Delay                              0x08000ca0   Section        0  stm32f1xx_hal.o(i.HAL_Delay)
    i.HAL_GPIO_Init                          0x08000cc8   Section        0  stm32f1xx_hal_gpio.o(i.HAL_GPIO_Init)
    i.HAL_GPIO_WritePin                      0x08000fe4   Section        0  stm32f1xx_hal_gpio.o(i.HAL_GPIO_WritePin)
    i.HAL_GetTick                            0x08000ff0   Section        0  stm32f1xx_hal.o(i.HAL_GetTick)
    i.HAL_IncTick                            0x08000ffc   Section        0  stm32f1xx_hal.o(i.HAL_IncTick)
    i.HAL_Init                               0x08001014   Section        0  stm32f1xx_hal.o(i.HAL_Init)
    i.HAL_InitTick                           0x0800103c   Section        0  stm32f1xx_hal.o(i.HAL_InitTick)
    i.HAL_MspInit                            0x08001088   Section        0  stm32f1xx_hal_msp.o(i.HAL_MspInit)
    i.HAL_NVIC_EnableIRQ                     0x08001118   Section        0  stm32f1xx_hal_cortex.o(i.HAL_NVIC_EnableIRQ)
    i.HAL_NVIC_SetPriority                   0x08001132   Section        0  stm32f1xx_hal_cortex.o(i.HAL_NVIC_SetPriority)
    i.HAL_NVIC_SetPriorityGrouping           0x080011b0   Section        0  stm32f1xx_hal_cortex.o(i.HAL_NVIC_SetPriorityGrouping)
    i.HAL_RCC_ClockConfig                    0x080011d8   Section        0  stm32f1xx_hal_rcc.o(i.HAL_RCC_ClockConfig)
    i.HAL_RCC_GetHCLKFreq                    0x0800137c   Section        0  stm32f1xx_hal_rcc.o(i.HAL_RCC_GetHCLKFreq)
    i.HAL_RCC_GetPCLK1Freq                   0x08001388   Section        0  stm32f1xx_hal_rcc.o(i.HAL_RCC_GetPCLK1Freq)
    i.HAL_RCC_GetPCLK2Freq                   0x080013a8   Section        0  stm32f1xx_hal_rcc.o(i.HAL_RCC_GetPCLK2Freq)
    i.HAL_RCC_GetSysClockFreq                0x080013c8   Section        0  stm32f1xx_hal_rcc.o(i.HAL_RCC_GetSysClockFreq)
    i.HAL_RCC_OscConfig                      0x080014f0   Section        0  stm32f1xx_hal_rcc.o(i.HAL_RCC_OscConfig)
    i.HAL_SYSTICK_CLKSourceConfig            0x08001a38   Section        0  stm32f1xx_hal_cortex.o(i.HAL_SYSTICK_CLKSourceConfig)
    i.HAL_SYSTICK_Callback                   0x08001a60   Section        0  stm32f1xx_hal_cortex.o(i.HAL_SYSTICK_Callback)
    i.HAL_SYSTICK_Config                     0x08001a62   Section        0  stm32f1xx_hal_cortex.o(i.HAL_SYSTICK_Config)
    i.HAL_SYSTICK_IRQHandler                 0x08001a96   Section        0  stm32f1xx_hal_cortex.o(i.HAL_SYSTICK_IRQHandler)
    i.HAL_TIMEx_BreakCallback                0x08001a9e   Section        0  stm32f1xx_hal_tim_ex.o(i.HAL_TIMEx_BreakCallback)
    i.HAL_TIMEx_CommutationCallback          0x08001aa0   Section        0  stm32f1xx_hal_tim_ex.o(i.HAL_TIMEx_CommutationCallback)
    i.HAL_TIM_Base_Init                      0x08001aa2   Section        0  stm32f1xx_hal_tim.o(i.HAL_TIM_Base_Init)
    i.HAL_TIM_Base_MspInit                   0x08001ad8   Section        0  timer.o(i.HAL_TIM_Base_MspInit)
    i.HAL_TIM_Base_Start_IT                  0x08001b1c   Section        0  stm32f1xx_hal_tim.o(i.HAL_TIM_Base_Start_IT)
    i.HAL_TIM_IC_CaptureCallback             0x08001b3a   Section        0  stm32f1xx_hal_tim.o(i.HAL_TIM_IC_CaptureCallback)
    i.HAL_TIM_IRQHandler                     0x08001b3c   Section        0  stm32f1xx_hal_tim.o(i.HAL_TIM_IRQHandler)
    i.HAL_TIM_OC_DelayElapsedCallback        0x08001cd2   Section        0  stm32f1xx_hal_tim.o(i.HAL_TIM_OC_DelayElapsedCallback)
    i.HAL_TIM_PWM_PulseFinishedCallback      0x08001cd4   Section        0  stm32f1xx_hal_tim.o(i.HAL_TIM_PWM_PulseFinishedCallback)
    i.HAL_TIM_PeriodElapsedCallback          0x08001cd6   Section        0  timer.o(i.HAL_TIM_PeriodElapsedCallback)
    i.HAL_TIM_TriggerCallback                0x08001ce4   Section        0  stm32f1xx_hal_tim.o(i.HAL_TIM_TriggerCallback)
    i.HAL_UART_DMAStop                       0x08001ce6   Section        0  stm32f1xx_hal_uart.o(i.HAL_UART_DMAStop)
    i.HAL_UART_ErrorCallback                 0x08001d4c   Section        0  stm32f1xx_hal_uart.o(i.HAL_UART_ErrorCallback)
    i.HAL_UART_GetState                      0x08001d4e   Section        0  stm32f1xx_hal_uart.o(i.HAL_UART_GetState)
    i.HAL_UART_IRQHandler                    0x08001d64   Section        0  stm32f1xx_hal_uart.o(i.HAL_UART_IRQHandler)
    i.HAL_UART_Init                          0x08001eb0   Section        0  stm32f1xx_hal_uart.o(i.HAL_UART_Init)
    i.HAL_UART_MspInit                       0x08001f24   Section        0  usart.o(i.HAL_UART_MspInit)
    i.HAL_UART_Receive_DMA                   0x080024a0   Section        0  stm32f1xx_hal_uart.o(i.HAL_UART_Receive_DMA)
    i.HAL_UART_RxCpltCallback                0x08002564   Section        0  usart.o(i.HAL_UART_RxCpltCallback)
    i.HAL_UART_RxHalfCpltCallback            0x08002650   Section        0  stm32f1xx_hal_uart.o(i.HAL_UART_RxHalfCpltCallback)
    i.HAL_UART_Transmit_DMA                  0x08002654   Section        0  stm32f1xx_hal_uart.o(i.HAL_UART_Transmit_DMA)
    i.HAL_UART_TxCpltCallback                0x080026f0   Section        0  stm32f1xx_hal_uart.o(i.HAL_UART_TxCpltCallback)
    i.HAL_UART_TxHalfCpltCallback            0x080026f2   Section        0  stm32f1xx_hal_uart.o(i.HAL_UART_TxHalfCpltCallback)
    i.HardFault_Handler                      0x080026f4   Section        0  stm32f1xx_it.o(i.HardFault_Handler)
    i.InitTask                               0x080026f8   Section        0  task.o(i.InitTask)
    i.KEY_Task                               0x08002704   Section        0  task.o(i.KEY_Task)
    i.LED_Init                               0x0800270c   Section        0  led.o(i.LED_Init)
    i.LED_Task                               0x08002758   Section        0  task.o(i.LED_Task)
    i.MemManage_Handler                      0x08002774   Section        0  stm32f1xx_it.o(i.MemManage_Handler)
    i.NMI_Handler                            0x08002778   Section        0  stm32f1xx_it.o(i.NMI_Handler)
    i.NVIC_GetPriorityGrouping               0x0800277c   Section        0  stm32f1xx_hal_cortex.o(i.NVIC_GetPriorityGrouping)
    NVIC_GetPriorityGrouping                 0x0800277d   Thumb Code    10  stm32f1xx_hal_cortex.o(i.NVIC_GetPriorityGrouping)
    i.NVIC_SetPriority                       0x0800278c   Section        0  stm32f1xx_hal_cortex.o(i.NVIC_SetPriority)
    NVIC_SetPriority                         0x0800278d   Thumb Code    32  stm32f1xx_hal_cortex.o(i.NVIC_SetPriority)
    i.OLED_DrawPoint                         0x080027b4   Section        0  oled.o(i.OLED_DrawPoint)
    i.OLED_Init                              0x08002818   Section        0  oled.o(i.OLED_Init)
    i.OLED_MspInit                           0x08002a10   Section        0  oled.o(i.OLED_MspInit)
    i.OLED_Refresh_Gram                      0x08002a64   Section        0  oled.o(i.OLED_Refresh_Gram)
    i.OLED_ShowChar                          0x08002aa8   Section        0  oled.o(i.OLED_ShowChar)
    i.OLED_ShowText                          0x08002bbc   Section        0  oled.o(i.OLED_ShowText)
    i.OLED_Task                              0x08002c90   Section        0  task.o(i.OLED_Task)
    i.OLED_WR_Byte                           0x08002c98   Section        0  oled.o(i.OLED_WR_Byte)
    i.PendSV_Handler                         0x08002d24   Section        0  stm32f1xx_it.o(i.PendSV_Handler)
    i.RCC_Delay                              0x08002d28   Section        0  stm32f1xx_hal_rcc.o(i.RCC_Delay)
    RCC_Delay                                0x08002d29   Thumb Code    36  stm32f1xx_hal_rcc.o(i.RCC_Delay)
    i.RG_AD_Task                             0x08002d50   Section        0  task.o(i.RG_AD_Task)
    i.SVC_Handler                            0x08002d56   Section        0  stm32f1xx_it.o(i.SVC_Handler)
    i.Set_Column_Address                     0x08002d58   Section        0  oled.o(i.Set_Column_Address)
    i.Set_Row_Address                        0x08002d78   Section        0  oled.o(i.Set_Row_Address)
    i.Set_Write_RAM                          0x08002d98   Section        0  oled.o(i.Set_Write_RAM)
    i.Show_Font                              0x08002da4   Section        0  oled.o(i.Show_Font)
    i.Stm32_Clock_Init                       0x08002e80   Section        0  sys.o(i.Stm32_Clock_Init)
    i.SysTick_Handler                        0x08002ee6   Section        0  stm32f1xx_it.o(i.SysTick_Handler)
    i.SystemInit                             0x08002ef4   Section        0  system_stm32f1xx.o(i.SystemInit)
    i.TIM3_IRQHandler                        0x08002f58   Section        0  timer.o(i.TIM3_IRQHandler)
    i.TIM3_Init                              0x08002f68   Section        0  timer.o(i.TIM3_Init)
    i.TIM_Base_SetConfig                     0x08002f94   Section        0  stm32f1xx_hal_tim.o(i.TIM_Base_SetConfig)
    i.TaskRun                                0x08003018   Section        0  task.o(i.TaskRun)
    i.TaskTick                               0x08003068   Section        0  task.o(i.TaskTick)
    i.UART4_IRQHandler                       0x080030d8   Section        0  usart.o(i.UART4_IRQHandler)
    i.UART_DMAAbortOnError                   0x08003148   Section        0  stm32f1xx_hal_uart.o(i.UART_DMAAbortOnError)
    UART_DMAAbortOnError                     0x08003149   Thumb Code    20  stm32f1xx_hal_uart.o(i.UART_DMAAbortOnError)
    i.UART_DMAError                          0x0800315c   Section        0  stm32f1xx_hal_uart.o(i.UART_DMAError)
    UART_DMAError                            0x0800315d   Thumb Code    80  stm32f1xx_hal_uart.o(i.UART_DMAError)
    i.UART_DMAReceiveCplt                    0x080031ac   Section        0  stm32f1xx_hal_uart.o(i.UART_DMAReceiveCplt)
    UART_DMAReceiveCplt                      0x080031ad   Thumb Code    70  stm32f1xx_hal_uart.o(i.UART_DMAReceiveCplt)
    i.UART_DMARxHalfCplt                     0x080031f2   Section        0  stm32f1xx_hal_uart.o(i.UART_DMARxHalfCplt)
    UART_DMARxHalfCplt                       0x080031f3   Thumb Code    14  stm32f1xx_hal_uart.o(i.UART_DMARxHalfCplt)
    i.UART_DMATransmitCplt                   0x08003200   Section        0  stm32f1xx_hal_uart.o(i.UART_DMATransmitCplt)
    UART_DMATransmitCplt                     0x08003201   Thumb Code    54  stm32f1xx_hal_uart.o(i.UART_DMATransmitCplt)
    i.UART_DMATxHalfCplt                     0x08003236   Section        0  stm32f1xx_hal_uart.o(i.UART_DMATxHalfCplt)
    UART_DMATxHalfCplt                       0x08003237   Thumb Code    14  stm32f1xx_hal_uart.o(i.UART_DMATxHalfCplt)
    i.UART_EndRxTransfer                     0x08003244   Section        0  stm32f1xx_hal_uart.o(i.UART_EndRxTransfer)
    UART_EndRxTransfer                       0x08003245   Thumb Code    32  stm32f1xx_hal_uart.o(i.UART_EndRxTransfer)
    i.UART_EndTransmit_IT                    0x08003264   Section        0  stm32f1xx_hal_uart.o(i.UART_EndTransmit_IT)
    UART_EndTransmit_IT                      0x08003265   Thumb Code    32  stm32f1xx_hal_uart.o(i.UART_EndTransmit_IT)
    i.UART_EndTxTransfer                     0x08003284   Section        0  stm32f1xx_hal_uart.o(i.UART_EndTxTransfer)
    UART_EndTxTransfer                       0x08003285   Thumb Code    20  stm32f1xx_hal_uart.o(i.UART_EndTxTransfer)
    i.UART_Receive_IT                        0x08003298   Section        0  stm32f1xx_hal_uart.o(i.UART_Receive_IT)
    UART_Receive_IT                          0x08003299   Thumb Code   166  stm32f1xx_hal_uart.o(i.UART_Receive_IT)
    i.UART_SetConfig                         0x08003340   Section        0  stm32f1xx_hal_uart.o(i.UART_SetConfig)
    UART_SetConfig                           0x08003341   Thumb Code   450  stm32f1xx_hal_uart.o(i.UART_SetConfig)
    i.UART_Transmit_IT                       0x08003508   Section        0  stm32f1xx_hal_uart.o(i.UART_Transmit_IT)
    UART_Transmit_IT                         0x08003509   Thumb Code   104  stm32f1xx_hal_uart.o(i.UART_Transmit_IT)
    i.USART1_IRQHandler                      0x08003570   Section        0  usart.o(i.USART1_IRQHandler)
    i.USART2_IRQHandler                      0x080035e0   Section        0  usart.o(i.USART2_IRQHandler)
    i.USART3_IRQHandler                      0x08003650   Section        0  usart.o(i.USART3_IRQHandler)
    i.USART_Task                             0x080036c0   Section        0  task.o(i.USART_Task)
    i.UsageFault_Handler                     0x080036d8   Section        0  stm32f1xx_it.o(i.UsageFault_Handler)
    i._sys_exit                              0x080036dc   Section        0  usart.o(i._sys_exit)
    i.com_init                               0x080036e0   Section        0  usart.o(i.com_init)
    i.com_send_str                           0x08003722   Section        0  usart.o(i.com_send_str)
    i.delay_init                             0x08003760   Section        0  delay.o(i.delay_init)
    i.main                                   0x08003774   Section        0  main.o(i.main)
    i.receive_str_manage                     0x080037a8   Section        0  usart.o(i.receive_str_manage)
    i.usart2_call_back                       0x080037d8   Section        0  main.o(i.usart2_call_back)
    i.usart_init                             0x080037fc   Section        0  main.o(i.usart_init)
    .constdata                               0x0800382c   Section       24  system_stm32f1xx.o(.constdata)
    .data                                    0x20000000   Section        4  system_stm32f1xx.o(.data)
    .data                                    0x20000004   Section        9  stm32f1xx_hal.o(.data)
    .data                                    0x20000010   Section        4  delay.o(.data)
    fac_us                                   0x20000010   Data           4  delay.o(.data)
    .data                                    0x20000014   Section      106  task.o(.data)
    .data                                    0x2000007e   Section    23154  oled.o(.data)
    .bss                                     0x20005af0   Section     5312  usart.o(.bss)
    .bss                                     0x20006fb0   Section       64  timer.o(.bss)
    .bss                                     0x20006ff0   Section     2048  oled.o(.bss)
    .bss                                     0x200077f0   Section       96  libspace.o(.bss)
    HEAP                                     0x20007850   Section      512  startup_stm32f107xc.o(HEAP)
    Heap_Mem                                 0x20007850   Data         512  startup_stm32f107xc.o(HEAP)
    STACK                                    0x20007a50   Section     1024  startup_stm32f107xc.o(STACK)
    Stack_Mem                                0x20007a50   Data        1024  startup_stm32f107xc.o(STACK)
    __initial_sp                             0x20007e50   Data           0  startup_stm32f107xc.o(STACK)

    Global Symbols

    Symbol Name                              Value     Ov Type        Size  Object(Section)

    BuildAttributes$$THM_ISAv4$P$D$K$B$S$PE$A:L22UL41UL21$X:L11$S22US41US21$IEEE1$IW$USESV6$~STKCKD$USESV7$~SHL$OSPACE$ROPI$EBA8$UX$STANDARDLIB$REQ8$PRES8$EABIv2 0x00000000   Number         0  anon$$obj.o ABSOLUTE
    __ARM_use_no_argv                        0x00000000   Number         0  main.o ABSOLUTE
    __ARM_exceptions_init                     - Undefined Weak Reference
    __alloca_initialize                       - Undefined Weak Reference
    __arm_preinit_                            - Undefined Weak Reference
    __cpp_initialize__aeabi_                  - Undefined Weak Reference
    __cxa_finalize                            - Undefined Weak Reference
    __rt_locale                               - Undefined Weak Reference
    __sigvec_lookup                           - Undefined Weak Reference
    _atexit_init                              - Undefined Weak Reference
    _call_atexit_fns                          - Undefined Weak Reference
    _clock_init                               - Undefined Weak Reference
    _fp_trap_init                             - Undefined Weak Reference
    _fp_trap_shutdown                         - Undefined Weak Reference
    _get_lc_collate                           - Undefined Weak Reference
    _get_lc_ctype                             - Undefined Weak Reference
    _get_lc_monetary                          - Undefined Weak Reference
    _get_lc_numeric                           - Undefined Weak Reference
    _get_lc_time                              - Undefined Weak Reference
    _getenv_init                              - Undefined Weak Reference
    _handle_redirection                       - Undefined Weak Reference
    _init_alloc                               - Undefined Weak Reference
    _init_user_alloc                          - Undefined Weak Reference
    _initio                                   - Undefined Weak Reference
    _rand_init                                - Undefined Weak Reference
    _signal_finish                            - Undefined Weak Reference
    _signal_init                              - Undefined Weak Reference
    _terminate_alloc                          - Undefined Weak Reference
    _terminate_user_alloc                     - Undefined Weak Reference
    _terminateio                              - Undefined Weak Reference
    __Vectors_Size                           0x00000150   Number         0  startup_stm32f107xc.o ABSOLUTE
    __Vectors                                0x08000000   Data           4  startup_stm32f107xc.o(RESET)
    __Vectors_End                            0x08000150   Data           0  startup_stm32f107xc.o(RESET)
    __main                                   0x08000151   Thumb Code     8  __main.o(!!!main)
    __scatterload                            0x08000159   Thumb Code     0  __scatter.o(!!!scatter)
    __scatterload_rt2                        0x08000159   Thumb Code    44  __scatter.o(!!!scatter)
    __scatterload_rt2_thumb_only             0x08000159   Thumb Code     0  __scatter.o(!!!scatter)
    __scatterload_null                       0x08000167   Thumb Code     0  __scatter.o(!!!scatter)
    __decompress                             0x0800018d   Thumb Code   100  __dclz77c.o(!!dclz77c)
    __decompress2                            0x0800018d   Thumb Code     0  __dclz77c.o(!!dclz77c)
    __scatterload_zeroinit                   0x080001f1   Thumb Code    28  __scatter_zi.o(!!handler_zi)
    __rt_lib_init                            0x0800020d   Thumb Code     0  libinit.o(.ARM.Collect$$libinit$$00000000)
    __rt_lib_init_alloca_1                   0x0800020f   Thumb Code     0  libinit2.o(.ARM.Collect$$libinit$$0000002E)
    __rt_lib_init_argv_1                     0x0800020f   Thumb Code     0  libinit2.o(.ARM.Collect$$libinit$$0000002C)
    __rt_lib_init_atexit_1                   0x0800020f   Thumb Code     0  libinit2.o(.ARM.Collect$$libinit$$0000001B)
    __rt_lib_init_clock_1                    0x0800020f   Thumb Code     0  libinit2.o(.ARM.Collect$$libinit$$00000021)
    __rt_lib_init_cpp_1                      0x0800020f   Thumb Code     0  libinit2.o(.ARM.Collect$$libinit$$00000032)
    __rt_lib_init_exceptions_1               0x0800020f   Thumb Code     0  libinit2.o(.ARM.Collect$$libinit$$00000030)
    __rt_lib_init_fp_1                       0x0800020f   Thumb Code     0  libinit2.o(.ARM.Collect$$libinit$$00000002)
    __rt_lib_init_fp_trap_1                  0x0800020f   Thumb Code     0  libinit2.o(.ARM.Collect$$libinit$$0000001F)
    __rt_lib_init_getenv_1                   0x0800020f   Thumb Code     0  libinit2.o(.ARM.Collect$$libinit$$00000023)
    __rt_lib_init_heap_1                     0x0800020f   Thumb Code     0  libinit2.o(.ARM.Collect$$libinit$$0000000A)
    __rt_lib_init_lc_collate_1               0x0800020f   Thumb Code     0  libinit2.o(.ARM.Collect$$libinit$$00000011)
    __rt_lib_init_lc_ctype_1                 0x0800020f   Thumb Code     0  libinit2.o(.ARM.Collect$$libinit$$00000013)
    __rt_lib_init_lc_monetary_1              0x0800020f   Thumb Code     0  libinit2.o(.ARM.Collect$$libinit$$00000015)
    __rt_lib_init_lc_numeric_1               0x0800020f   Thumb Code     0  libinit2.o(.ARM.Collect$$libinit$$00000017)
    __rt_lib_init_lc_time_1                  0x0800020f   Thumb Code     0  libinit2.o(.ARM.Collect$$libinit$$00000019)
    __rt_lib_init_preinit_1                  0x0800020f   Thumb Code     0  libinit2.o(.ARM.Collect$$libinit$$00000004)
    __rt_lib_init_rand_1                     0x0800020f   Thumb Code     0  libinit2.o(.ARM.Collect$$libinit$$0000000E)
    __rt_lib_init_return                     0x0800020f   Thumb Code     0  libinit2.o(.ARM.Collect$$libinit$$00000033)
    __rt_lib_init_signal_1                   0x0800020f   Thumb Code     0  libinit2.o(.ARM.Collect$$libinit$$0000001D)
    __rt_lib_init_stdio_1                    0x0800020f   Thumb Code     0  libinit2.o(.ARM.Collect$$libinit$$00000025)
    __rt_lib_init_user_alloc_1               0x0800020f   Thumb Code     0  libinit2.o(.ARM.Collect$$libinit$$0000000C)
    __rt_lib_shutdown                        0x08000211   Thumb Code     0  libshutdown.o(.ARM.Collect$$libshutdown$$00000000)
    __rt_lib_shutdown_cpp_1                  0x08000213   Thumb Code     0  libshutdown2.o(.ARM.Collect$$libshutdown$$00000002)
    __rt_lib_shutdown_fp_trap_1              0x08000213   Thumb Code     0  libshutdown2.o(.ARM.Collect$$libshutdown$$00000007)
    __rt_lib_shutdown_heap_1                 0x08000213   Thumb Code     0  libshutdown2.o(.ARM.Collect$$libshutdown$$0000000F)
    __rt_lib_shutdown_return                 0x08000213   Thumb Code     0  libshutdown2.o(.ARM.Collect$$libshutdown$$00000010)
    __rt_lib_shutdown_signal_1               0x08000213   Thumb Code     0  libshutdown2.o(.ARM.Collect$$libshutdown$$0000000A)
    __rt_lib_shutdown_stdio_1                0x08000213   Thumb Code     0  libshutdown2.o(.ARM.Collect$$libshutdown$$00000004)
    __rt_lib_shutdown_user_alloc_1           0x08000213   Thumb Code     0  libshutdown2.o(.ARM.Collect$$libshutdown$$0000000C)
    __rt_entry                               0x08000215   Thumb Code     0  __rtentry.o(.ARM.Collect$$rtentry$$00000000)
    __rt_entry_presh_1                       0x08000215   Thumb Code     0  __rtentry2.o(.ARM.Collect$$rtentry$$00000002)
    __rt_entry_sh                            0x08000215   Thumb Code     0  __rtentry4.o(.ARM.Collect$$rtentry$$00000004)
    __rt_entry_li                            0x0800021b   Thumb Code     0  __rtentry2.o(.ARM.Collect$$rtentry$$0000000A)
    __rt_entry_postsh_1                      0x0800021b   Thumb Code     0  __rtentry2.o(.ARM.Collect$$rtentry$$00000009)
    __rt_entry_main                          0x0800021f   Thumb Code     0  __rtentry2.o(.ARM.Collect$$rtentry$$0000000D)
    __rt_entry_postli_1                      0x0800021f   Thumb Code     0  __rtentry2.o(.ARM.Collect$$rtentry$$0000000C)
    __rt_exit                                0x08000227   Thumb Code     0  rtexit.o(.ARM.Collect$$rtexit$$00000000)
    __rt_exit_ls                             0x08000229   Thumb Code     0  rtexit2.o(.ARM.Collect$$rtexit$$00000003)
    __rt_exit_prels_1                        0x08000229   Thumb Code     0  rtexit2.o(.ARM.Collect$$rtexit$$00000002)
    __rt_exit_exit                           0x0800022d   Thumb Code     0  rtexit2.o(.ARM.Collect$$rtexit$$00000004)
    Reset_Handler                            0x08000235   Thumb Code     8  startup_stm32f107xc.o(.text)
    ADC1_2_IRQHandler                        0x0800024f   Thumb Code     0  startup_stm32f107xc.o(.text)
    CAN1_RX0_IRQHandler                      0x0800024f   Thumb Code     0  startup_stm32f107xc.o(.text)
    CAN1_RX1_IRQHandler                      0x0800024f   Thumb Code     0  startup_stm32f107xc.o(.text)
    CAN1_SCE_IRQHandler                      0x0800024f   Thumb Code     0  startup_stm32f107xc.o(.text)
    CAN1_TX_IRQHandler                       0x0800024f   Thumb Code     0  startup_stm32f107xc.o(.text)
    CAN2_RX0_IRQHandler                      0x0800024f   Thumb Code     0  startup_stm32f107xc.o(.text)
    CAN2_RX1_IRQHandler                      0x0800024f   Thumb Code     0  startup_stm32f107xc.o(.text)
    CAN2_SCE_IRQHandler                      0x0800024f   Thumb Code     0  startup_stm32f107xc.o(.text)
    CAN2_TX_IRQHandler                       0x0800024f   Thumb Code     0  startup_stm32f107xc.o(.text)
    DMA1_Channel1_IRQHandler                 0x0800024f   Thumb Code     0  startup_stm32f107xc.o(.text)
    DMA2_Channel1_IRQHandler                 0x0800024f   Thumb Code     0  startup_stm32f107xc.o(.text)
    DMA2_Channel2_IRQHandler                 0x0800024f   Thumb Code     0  startup_stm32f107xc.o(.text)
    DMA2_Channel4_IRQHandler                 0x0800024f   Thumb Code     0  startup_stm32f107xc.o(.text)
    ETH_IRQHandler                           0x0800024f   Thumb Code     0  startup_stm32f107xc.o(.text)
    ETH_WKUP_IRQHandler                      0x0800024f   Thumb Code     0  startup_stm32f107xc.o(.text)
    EXTI0_IRQHandler                         0x0800024f   Thumb Code     0  startup_stm32f107xc.o(.text)
    EXTI15_10_IRQHandler                     0x0800024f   Thumb Code     0  startup_stm32f107xc.o(.text)
    EXTI1_IRQHandler                         0x0800024f   Thumb Code     0  startup_stm32f107xc.o(.text)
    EXTI2_IRQHandler                         0x0800024f   Thumb Code     0  startup_stm32f107xc.o(.text)
    EXTI3_IRQHandler                         0x0800024f   Thumb Code     0  startup_stm32f107xc.o(.text)
    EXTI4_IRQHandler                         0x0800024f   Thumb Code     0  startup_stm32f107xc.o(.text)
    EXTI9_5_IRQHandler                       0x0800024f   Thumb Code     0  startup_stm32f107xc.o(.text)
    FLASH_IRQHandler                         0x0800024f   Thumb Code     0  startup_stm32f107xc.o(.text)
    I2C1_ER_IRQHandler                       0x0800024f   Thumb Code     0  startup_stm32f107xc.o(.text)
    I2C1_EV_IRQHandler                       0x0800024f   Thumb Code     0  startup_stm32f107xc.o(.text)
    I2C2_ER_IRQHandler                       0x0800024f   Thumb Code     0  startup_stm32f107xc.o(.text)
    I2C2_EV_IRQHandler                       0x0800024f   Thumb Code     0  startup_stm32f107xc.o(.text)
    OTG_FS_IRQHandler                        0x0800024f   Thumb Code     0  startup_stm32f107xc.o(.text)
    OTG_FS_WKUP_IRQHandler                   0x0800024f   Thumb Code     0  startup_stm32f107xc.o(.text)
    PVD_IRQHandler                           0x0800024f   Thumb Code     0  startup_stm32f107xc.o(.text)
    RCC_IRQHandler                           0x0800024f   Thumb Code     0  startup_stm32f107xc.o(.text)
    RTC_Alarm_IRQHandler                     0x0800024f   Thumb Code     0  startup_stm32f107xc.o(.text)
    RTC_IRQHandler                           0x0800024f   Thumb Code     0  startup_stm32f107xc.o(.text)
    SPI1_IRQHandler                          0x0800024f   Thumb Code     0  startup_stm32f107xc.o(.text)
    SPI2_IRQHandler                          0x0800024f   Thumb Code     0  startup_stm32f107xc.o(.text)
    SPI3_IRQHandler                          0x0800024f   Thumb Code     0  startup_stm32f107xc.o(.text)
    TAMPER_IRQHandler                        0x0800024f   Thumb Code     0  startup_stm32f107xc.o(.text)
    TIM1_BRK_IRQHandler                      0x0800024f   Thumb Code     0  startup_stm32f107xc.o(.text)
    TIM1_CC_IRQHandler                       0x0800024f   Thumb Code     0  startup_stm32f107xc.o(.text)
    TIM1_TRG_COM_IRQHandler                  0x0800024f   Thumb Code     0  startup_stm32f107xc.o(.text)
    TIM1_UP_IRQHandler                       0x0800024f   Thumb Code     0  startup_stm32f107xc.o(.text)
    TIM2_IRQHandler                          0x0800024f   Thumb Code     0  startup_stm32f107xc.o(.text)
    TIM4_IRQHandler                          0x0800024f   Thumb Code     0  startup_stm32f107xc.o(.text)
    TIM5_IRQHandler                          0x0800024f   Thumb Code     0  startup_stm32f107xc.o(.text)
    TIM6_IRQHandler                          0x0800024f   Thumb Code     0  startup_stm32f107xc.o(.text)
    TIM7_IRQHandler                          0x0800024f   Thumb Code     0  startup_stm32f107xc.o(.text)
    UART5_IRQHandler                         0x0800024f   Thumb Code     0  startup_stm32f107xc.o(.text)
    WWDG_IRQHandler                          0x0800024f   Thumb Code     0  startup_stm32f107xc.o(.text)
    __user_initial_stackheap                 0x08000251   Thumb Code     0  startup_stm32f107xc.o(.text)
    __use_no_semihosting                     0x08000275   Thumb Code     2  use_no_semi_2.o(.text)
    __aeabi_uldivmod                         0x08000277   Thumb Code     0  lludivv7m.o(.text)
    _ll_udiv                                 0x08000277   Thumb Code   238  lludivv7m.o(.text)
    __use_two_region_memory                  0x08000365   Thumb Code     2  heapauxi.o(.text)
    __rt_heap_escrow$2region                 0x08000367   Thumb Code     2  heapauxi.o(.text)
    __rt_heap_expand$2region                 0x08000369   Thumb Code     2  heapauxi.o(.text)
    __I$use$semihosting                      0x0800036b   Thumb Code     0  use_no_semi.o(.text)
    __use_no_semihosting_swi                 0x0800036b   Thumb Code     2  use_no_semi.o(.text)
    __user_setup_stackheap                   0x0800036d   Thumb Code    74  sys_stackheap_outer.o(.text)
    exit                                     0x080003b7   Thumb Code    18  exit.o(.text)
    __user_libspace                          0x080003c9   Thumb Code     8  libspace.o(.text)
    __user_perproc_libspace                  0x080003c9   Thumb Code     0  libspace.o(.text)
    __user_perthread_libspace                0x080003c9   Thumb Code     0  libspace.o(.text)
    BusFault_Handler                         0x080003d1   Thumb Code     4  stm32f1xx_it.o(i.BusFault_Handler)
    Con_4_byte                               0x080003d5   Thumb Code   174  oled.o(i.Con_4_byte)
    DHT11_Task                               0x08000485   Thumb Code    32  task.o(i.DHT11_Task)
    DMA1_Channel2_IRQHandler                 0x080004ad   Thumb Code    12  usart.o(i.DMA1_Channel2_IRQHandler)
    DMA1_Channel3_IRQHandler                 0x080004bd   Thumb Code    12  usart.o(i.DMA1_Channel3_IRQHandler)
    DMA1_Channel4_IRQHandler                 0x080004cd   Thumb Code    12  usart.o(i.DMA1_Channel4_IRQHandler)
    DMA1_Channel5_IRQHandler                 0x080004dd   Thumb Code    12  usart.o(i.DMA1_Channel5_IRQHandler)
    DMA1_Channel6_IRQHandler                 0x080004ed   Thumb Code    12  usart.o(i.DMA1_Channel6_IRQHandler)
    DMA1_Channel7_IRQHandler                 0x080004fd   Thumb Code    12  usart.o(i.DMA1_Channel7_IRQHandler)
    DMA2_Channel3_IRQHandler                 0x0800050d   Thumb Code    12  usart.o(i.DMA2_Channel3_IRQHandler)
    DMA2_Channel5_IRQHandler                 0x0800051d   Thumb Code    12  usart.o(i.DMA2_Channel5_IRQHandler)
    DebugMon_Handler                         0x08000559   Thumb Code     2  stm32f1xx_it.o(i.DebugMon_Handler)
    Fill_RAM                                 0x0800055b   Thumb Code    66  oled.o(i.Fill_RAM)
    GetFontIndex                             0x0800059d   Thumb Code    84  oled.o(i.GetFontIndex)
    HAL_DMA_Abort                            0x080005f5   Thumb Code    58  stm32f1xx_hal_dma.o(i.HAL_DMA_Abort)
    HAL_DMA_Abort_IT                         0x08000631   Thumb Code   414  stm32f1xx_hal_dma.o(i.HAL_DMA_Abort_IT)
    HAL_DMA_IRQHandler                       0x080007d9   Thumb Code   910  stm32f1xx_hal_dma.o(i.HAL_DMA_IRQHandler)
    HAL_DMA_Init                             0x08000b71   Thumb Code   140  stm32f1xx_hal_dma.o(i.HAL_DMA_Init)
    HAL_DMA_Start_IT                         0x08000c05   Thumb Code   156  stm32f1xx_hal_dma.o(i.HAL_DMA_Start_IT)
    HAL_Delay                                0x08000ca1   Thumb Code    36  stm32f1xx_hal.o(i.HAL_Delay)
    HAL_GPIO_Init                            0x08000cc9   Thumb Code   764  stm32f1xx_hal_gpio.o(i.HAL_GPIO_Init)
    HAL_GPIO_WritePin                        0x08000fe5   Thumb Code    12  stm32f1xx_hal_gpio.o(i.HAL_GPIO_WritePin)
    HAL_GetTick                              0x08000ff1   Thumb Code     6  stm32f1xx_hal.o(i.HAL_GetTick)
    HAL_IncTick                              0x08000ffd   Thumb Code    16  stm32f1xx_hal.o(i.HAL_IncTick)
    HAL_Init                                 0x08001015   Thumb Code    34  stm32f1xx_hal.o(i.HAL_Init)
    HAL_InitTick                             0x0800103d   Thumb Code    64  stm32f1xx_hal.o(i.HAL_InitTick)
    HAL_MspInit                              0x08001089   Thumb Code   140  stm32f1xx_hal_msp.o(i.HAL_MspInit)
    HAL_NVIC_EnableIRQ                       0x08001119   Thumb Code    26  stm32f1xx_hal_cortex.o(i.HAL_NVIC_EnableIRQ)
    HAL_NVIC_SetPriority                     0x08001133   Thumb Code   124  stm32f1xx_hal_cortex.o(i.HAL_NVIC_SetPriority)
    HAL_NVIC_SetPriorityGrouping             0x080011b1   Thumb Code    32  stm32f1xx_hal_cortex.o(i.HAL_NVIC_SetPriorityGrouping)
    HAL_RCC_ClockConfig                      0x080011d9   Thumb Code   402  stm32f1xx_hal_rcc.o(i.HAL_RCC_ClockConfig)
    HAL_RCC_GetHCLKFreq                      0x0800137d   Thumb Code     6  stm32f1xx_hal_rcc.o(i.HAL_RCC_GetHCLKFreq)
    HAL_RCC_GetPCLK1Freq                     0x08001389   Thumb Code    22  stm32f1xx_hal_rcc.o(i.HAL_RCC_GetPCLK1Freq)
    HAL_RCC_GetPCLK2Freq                     0x080013a9   Thumb Code    22  stm32f1xx_hal_rcc.o(i.HAL_RCC_GetPCLK2Freq)
    HAL_RCC_GetSysClockFreq                  0x080013c9   Thumb Code   248  stm32f1xx_hal_rcc.o(i.HAL_RCC_GetSysClockFreq)
    HAL_RCC_OscConfig                        0x080014f1   Thumb Code  1342  stm32f1xx_hal_rcc.o(i.HAL_RCC_OscConfig)
    HAL_SYSTICK_CLKSourceConfig              0x08001a39   Thumb Code    40  stm32f1xx_hal_cortex.o(i.HAL_SYSTICK_CLKSourceConfig)
    HAL_SYSTICK_Callback                     0x08001a61   Thumb Code     2  stm32f1xx_hal_cortex.o(i.HAL_SYSTICK_Callback)
    HAL_SYSTICK_Config                       0x08001a63   Thumb Code    52  stm32f1xx_hal_cortex.o(i.HAL_SYSTICK_Config)
    HAL_SYSTICK_IRQHandler                   0x08001a97   Thumb Code     8  stm32f1xx_hal_cortex.o(i.HAL_SYSTICK_IRQHandler)
    HAL_TIMEx_BreakCallback                  0x08001a9f   Thumb Code     2  stm32f1xx_hal_tim_ex.o(i.HAL_TIMEx_BreakCallback)
    HAL_TIMEx_CommutationCallback            0x08001aa1   Thumb Code     2  stm32f1xx_hal_tim_ex.o(i.HAL_TIMEx_CommutationCallback)
    HAL_TIM_Base_Init                        0x08001aa3   Thumb Code    52  stm32f1xx_hal_tim.o(i.HAL_TIM_Base_Init)
    HAL_TIM_Base_MspInit                     0x08001ad9   Thumb Code    58  timer.o(i.HAL_TIM_Base_MspInit)
    HAL_TIM_Base_Start_IT                    0x08001b1d   Thumb Code    30  stm32f1xx_hal_tim.o(i.HAL_TIM_Base_Start_IT)
    HAL_TIM_IC_CaptureCallback               0x08001b3b   Thumb Code     2  stm32f1xx_hal_tim.o(i.HAL_TIM_IC_CaptureCallback)
    HAL_TIM_IRQHandler                       0x08001b3d   Thumb Code   406  stm32f1xx_hal_tim.o(i.HAL_TIM_IRQHandler)
    HAL_TIM_OC_DelayElapsedCallback          0x08001cd3   Thumb Code     2  stm32f1xx_hal_tim.o(i.HAL_TIM_OC_DelayElapsedCallback)
    HAL_TIM_PWM_PulseFinishedCallback        0x08001cd5   Thumb Code     2  stm32f1xx_hal_tim.o(i.HAL_TIM_PWM_PulseFinishedCallback)
    HAL_TIM_PeriodElapsedCallback            0x08001cd7   Thumb Code    14  timer.o(i.HAL_TIM_PeriodElapsedCallback)
    HAL_TIM_TriggerCallback                  0x08001ce5   Thumb Code     2  stm32f1xx_hal_tim.o(i.HAL_TIM_TriggerCallback)
    HAL_UART_DMAStop                         0x08001ce7   Thumb Code   102  stm32f1xx_hal_uart.o(i.HAL_UART_DMAStop)
    HAL_UART_ErrorCallback                   0x08001d4d   Thumb Code     2  stm32f1xx_hal_uart.o(i.HAL_UART_ErrorCallback)
    HAL_UART_GetState                        0x08001d4f   Thumb Code    20  stm32f1xx_hal_uart.o(i.HAL_UART_GetState)
    HAL_UART_IRQHandler                      0x08001d65   Thumb Code   326  stm32f1xx_hal_uart.o(i.HAL_UART_IRQHandler)
    HAL_UART_Init                            0x08001eb1   Thumb Code   114  stm32f1xx_hal_uart.o(i.HAL_UART_Init)
    HAL_UART_MspInit                         0x08001f25   Thumb Code  1378  usart.o(i.HAL_UART_MspInit)
    HAL_UART_Receive_DMA                     0x080024a1   Thumb Code   182  stm32f1xx_hal_uart.o(i.HAL_UART_Receive_DMA)
    HAL_UART_RxCpltCallback                  0x08002565   Thumb Code   202  usart.o(i.HAL_UART_RxCpltCallback)
    HAL_UART_RxHalfCpltCallback              0x08002651   Thumb Code     2  stm32f1xx_hal_uart.o(i.HAL_UART_RxHalfCpltCallback)
    HAL_UART_Transmit_DMA                    0x08002655   Thumb Code   142  stm32f1xx_hal_uart.o(i.HAL_UART_Transmit_DMA)
    HAL_UART_TxCpltCallback                  0x080026f1   Thumb Code     2  stm32f1xx_hal_uart.o(i.HAL_UART_TxCpltCallback)
    HAL_UART_TxHalfCpltCallback              0x080026f3   Thumb Code     2  stm32f1xx_hal_uart.o(i.HAL_UART_TxHalfCpltCallback)
    HardFault_Handler                        0x080026f5   Thumb Code     4  stm32f1xx_it.o(i.HardFault_Handler)
    InitTask                                 0x080026f9   Thumb Code     8  task.o(i.InitTask)
    KEY_Task                                 0x08002705   Thumb Code     6  task.o(i.KEY_Task)
    LED_Init                                 0x0800270d   Thumb Code    68  led.o(i.LED_Init)
    LED_Task                                 0x08002759   Thumb Code    22  task.o(i.LED_Task)
    MemManage_Handler                        0x08002775   Thumb Code     4  stm32f1xx_it.o(i.MemManage_Handler)
    NMI_Handler                              0x08002779   Thumb Code     2  stm32f1xx_it.o(i.NMI_Handler)
    OLED_DrawPoint                           0x080027b5   Thumb Code    96  oled.o(i.OLED_DrawPoint)
    OLED_Init                                0x08002819   Thumb Code   498  oled.o(i.OLED_Init)
    OLED_MspInit                             0x08002a11   Thumb Code    74  oled.o(i.OLED_MspInit)
    OLED_Refresh_Gram                        0x08002a65   Thumb Code    64  oled.o(i.OLED_Refresh_Gram)
    OLED_ShowChar                            0x08002aa9   Thumb Code   256  oled.o(i.OLED_ShowChar)
    OLED_ShowText                            0x08002bbd   Thumb Code   212  oled.o(i.OLED_ShowText)
    OLED_Task                                0x08002c91   Thumb Code     6  task.o(i.OLED_Task)
    OLED_WR_Byte                             0x08002c99   Thumb Code   134  oled.o(i.OLED_WR_Byte)
    PendSV_Handler                           0x08002d25   Thumb Code     2  stm32f1xx_it.o(i.PendSV_Handler)
    RG_AD_Task                               0x08002d51   Thumb Code     6  task.o(i.RG_AD_Task)
    SVC_Handler                              0x08002d57   Thumb Code     2  stm32f1xx_it.o(i.SVC_Handler)
    Set_Column_Address                       0x08002d59   Thumb Code    32  oled.o(i.Set_Column_Address)
    Set_Row_Address                          0x08002d79   Thumb Code    32  oled.o(i.Set_Row_Address)
    Set_Write_RAM                            0x08002d99   Thumb Code    12  oled.o(i.Set_Write_RAM)
    Show_Font                                0x08002da5   Thumb Code   216  oled.o(i.Show_Font)
    Stm32_Clock_Init                         0x08002e81   Thumb Code   102  sys.o(i.Stm32_Clock_Init)
    SysTick_Handler                          0x08002ee7   Thumb Code    12  stm32f1xx_it.o(i.SysTick_Handler)
    SystemInit                               0x08002ef5   Thumb Code    84  system_stm32f1xx.o(i.SystemInit)
    TIM3_IRQHandler                          0x08002f59   Thumb Code    10  timer.o(i.TIM3_IRQHandler)
    TIM3_Init                                0x08002f69   Thumb Code    36  timer.o(i.TIM3_Init)
    TIM_Base_SetConfig                       0x08002f95   Thumb Code   114  stm32f1xx_hal_tim.o(i.TIM_Base_SetConfig)
    TaskRun                                  0x08003019   Thumb Code    70  task.o(i.TaskRun)
    TaskTick                                 0x08003069   Thumb Code    98  task.o(i.TaskTick)
    UART4_IRQHandler                         0x080030d9   Thumb Code   102  usart.o(i.UART4_IRQHandler)
    USART1_IRQHandler                        0x08003571   Thumb Code   102  usart.o(i.USART1_IRQHandler)
    USART2_IRQHandler                        0x080035e1   Thumb Code   102  usart.o(i.USART2_IRQHandler)
    USART3_IRQHandler                        0x08003651   Thumb Code   102  usart.o(i.USART3_IRQHandler)
    USART_Task                               0x080036c1   Thumb Code    18  task.o(i.USART_Task)
    UsageFault_Handler                       0x080036d9   Thumb Code     4  stm32f1xx_it.o(i.UsageFault_Handler)
    _sys_exit                                0x080036dd   Thumb Code     4  usart.o(i._sys_exit)
    com_init                                 0x080036e1   Thumb Code    66  usart.o(i.com_init)
    com_send_str                             0x08003723   Thumb Code    60  usart.o(i.com_send_str)
    delay_init                               0x08003761   Thumb Code    16  delay.o(i.delay_init)
    main                                     0x08003775   Thumb Code    52  main.o(i.main)
    receive_str_manage                       0x080037a9   Thumb Code    46  usart.o(i.receive_str_manage)
    usart2_call_back                         0x080037d9   Thumb Code    30  main.o(i.usart2_call_back)
    usart_init                               0x080037fd   Thumb Code    34  main.o(i.usart_init)
    AHBPrescTable                            0x0800382c   Data          16  system_stm32f1xx.o(.constdata)
    APBPrescTable                            0x0800383c   Data           8  system_stm32f1xx.o(.constdata)
    Region$$Table$$Base                      0x08003844   Number         0  anon$$obj.o(Region$$Table)
    Region$$Table$$Limit                     0x08003864   Number         0  anon$$obj.o(Region$$Table)
    SystemCoreClock                          0x20000000   Data           4  system_stm32f1xx.o(.data)
    uwTick                                   0x20000004   Data           4  stm32f1xx_hal.o(.data)
    uwTickPrio                               0x20000008   Data           4  stm32f1xx_hal.o(.data)
    uwTickFreq                               0x2000000c   Data           1  stm32f1xx_hal.o(.data)
    now_task_num                             0x20000014   Data           1  task.o(.data)
    sys_time                                 0x20000018   Data           4  task.o(.data)
    TaskBuff                                 0x2000001c   Data          96  task.o(.data)
    stat                                     0x2000007c   Data           1  task.o(.data)
    Led_index                                0x2000007d   Data           1  task.o(.data)
    ASC5X8                                   0x2000007e   Data         768  oled.o(.data)
    ASC6X12                                  0x2000037e   Data        1152  oled.o(.data)
    ASC8X16                                  0x200007fe   Data        1536  oled.o(.data)
    ASC12X24                                 0x20000dfe   Data        4608  oled.o(.data)
    ASC20X40                                 0x20001ffe   Data       11520  oled.o(.data)
    HZ16X16_S                                0x20004cfe   Data        1216  oled.o(.data)
    HZ24X24_S                                0x200051be   Data         144  oled.o(.data)
    HZ12X12                                  0x2000524e   Data        2210  oled.o(.data)
    usart2                                   0x20005af0   Data        1328  usart.o(.bss)
    usart3                                   0x20006020   Data        1328  usart.o(.bss)
    usart1                                   0x20006550   Data        1328  usart.o(.bss)
    usart4                                   0x20006a80   Data        1328  usart.o(.bss)
    TIM3_Handler                             0x20006fb0   Data          64  timer.o(.bss)
    OLED_GRAM                                0x20006ff0   Data        2048  oled.o(.bss)
    __libspace_start                         0x200077f0   Data          96  libspace.o(.bss)
    __temporary_stack_top$libspace           0x20007850   Data           0  libspace.o(.bss)



==============================================================================

Memory Map of the image

  Image Entry point : 0x08000151

  Load Region LR_IROM1 (Base: 0x08000000, Size: 0x00009354, Max: 0x00040000, ABSOLUTE, COMPRESSED[0x00005e98])

    Execution Region ER_IROM1 (Base: 0x08000000, Size: 0x00003864, Max: 0x00040000, ABSOLUTE)

    Base Addr    Size         Type   Attr      Idx    E Section Name        Object

    0x08000000   0x00000150   Data   RO          380    RESET               startup_stm32f107xc.o
    0x08000150   0x00000008   Code   RO         4481  * !!!main             c_w.l(__main.o)
    0x08000158   0x00000034   Code   RO         4648    !!!scatter          c_w.l(__scatter.o)
    0x0800018c   0x00000064   Code   RO         4646    !!dclz77c           c_w.l(__dclz77c.o)
    0x080001f0   0x0000001c   Code   RO         4650    !!handler_zi        c_w.l(__scatter_zi.o)
    0x0800020c   0x00000002   Code   RO         4520    .ARM.Collect$$libinit$$00000000  c_w.l(libinit.o)
    0x0800020e   0x00000000   Code   RO         4533    .ARM.Collect$$libinit$$00000002  c_w.l(libinit2.o)
    0x0800020e   0x00000000   Code   RO         4535    .ARM.Collect$$libinit$$00000004  c_w.l(libinit2.o)
    0x0800020e   0x00000000   Code   RO         4538    .ARM.Collect$$libinit$$0000000A  c_w.l(libinit2.o)
    0x0800020e   0x00000000   Code   RO         4540    .ARM.Collect$$libinit$$0000000C  c_w.l(libinit2.o)
    0x0800020e   0x00000000   Code   RO         4542    .ARM.Collect$$libinit$$0000000E  c_w.l(libinit2.o)
    0x0800020e   0x00000000   Code   RO         4545    .ARM.Collect$$libinit$$00000011  c_w.l(libinit2.o)
    0x0800020e   0x00000000   Code   RO         4547    .ARM.Collect$$libinit$$00000013  c_w.l(libinit2.o)
    0x0800020e   0x00000000   Code   RO         4549    .ARM.Collect$$libinit$$00000015  c_w.l(libinit2.o)
    0x0800020e   0x00000000   Code   RO         4551    .ARM.Collect$$libinit$$00000017  c_w.l(libinit2.o)
    0x0800020e   0x00000000   Code   RO         4553    .ARM.Collect$$libinit$$00000019  c_w.l(libinit2.o)
    0x0800020e   0x00000000   Code   RO         4555    .ARM.Collect$$libinit$$0000001B  c_w.l(libinit2.o)
    0x0800020e   0x00000000   Code   RO         4557    .ARM.Collect$$libinit$$0000001D  c_w.l(libinit2.o)
    0x0800020e   0x00000000   Code   RO         4559    .ARM.Collect$$libinit$$0000001F  c_w.l(libinit2.o)
    0x0800020e   0x00000000   Code   RO         4561    .ARM.Collect$$libinit$$00000021  c_w.l(libinit2.o)
    0x0800020e   0x00000000   Code   RO         4563    .ARM.Collect$$libinit$$00000023  c_w.l(libinit2.o)
    0x0800020e   0x00000000   Code   RO         4565    .ARM.Collect$$libinit$$00000025  c_w.l(libinit2.o)
    0x0800020e   0x00000000   Code   RO         4569    .ARM.Collect$$libinit$$0000002C  c_w.l(libinit2.o)
    0x0800020e   0x00000000   Code   RO         4571    .ARM.Collect$$libinit$$0000002E  c_w.l(libinit2.o)
    0x0800020e   0x00000000   Code   RO         4573    .ARM.Collect$$libinit$$00000030  c_w.l(libinit2.o)
    0x0800020e   0x00000000   Code   RO         4575    .ARM.Collect$$libinit$$00000032  c_w.l(libinit2.o)
    0x0800020e   0x00000002   Code   RO         4576    .ARM.Collect$$libinit$$00000033  c_w.l(libinit2.o)
    0x08000210   0x00000002   Code   RO         4602    .ARM.Collect$$libshutdown$$00000000  c_w.l(libshutdown.o)
    0x08000212   0x00000000   Code   RO         4629    .ARM.Collect$$libshutdown$$00000002  c_w.l(libshutdown2.o)
    0x08000212   0x00000000   Code   RO         4631    .ARM.Collect$$libshutdown$$00000004  c_w.l(libshutdown2.o)
    0x08000212   0x00000000   Code   RO         4634    .ARM.Collect$$libshutdown$$00000007  c_w.l(libshutdown2.o)
    0x08000212   0x00000000   Code   RO         4637    .ARM.Collect$$libshutdown$$0000000A  c_w.l(libshutdown2.o)
    0x08000212   0x00000000   Code   RO         4639    .ARM.Collect$$libshutdown$$0000000C  c_w.l(libshutdown2.o)
    0x08000212   0x00000000   Code   RO         4642    .ARM.Collect$$libshutdown$$0000000F  c_w.l(libshutdown2.o)
    0x08000212   0x00000002   Code   RO         4643    .ARM.Collect$$libshutdown$$00000010  c_w.l(libshutdown2.o)
    0x08000214   0x00000000   Code   RO         4485    .ARM.Collect$$rtentry$$00000000  c_w.l(__rtentry.o)
    0x08000214   0x00000000   Code   RO         4491    .ARM.Collect$$rtentry$$00000002  c_w.l(__rtentry2.o)
    0x08000214   0x00000006   Code   RO         4503    .ARM.Collect$$rtentry$$00000004  c_w.l(__rtentry4.o)
    0x0800021a   0x00000000   Code   RO         4493    .ARM.Collect$$rtentry$$00000009  c_w.l(__rtentry2.o)
    0x0800021a   0x00000004   Code   RO         4494    .ARM.Collect$$rtentry$$0000000A  c_w.l(__rtentry2.o)
    0x0800021e   0x00000000   Code   RO         4496    .ARM.Collect$$rtentry$$0000000C  c_w.l(__rtentry2.o)
    0x0800021e   0x00000008   Code   RO         4497    .ARM.Collect$$rtentry$$0000000D  c_w.l(__rtentry2.o)
    0x08000226   0x00000002   Code   RO         4524    .ARM.Collect$$rtexit$$00000000  c_w.l(rtexit.o)
    0x08000228   0x00000000   Code   RO         4578    .ARM.Collect$$rtexit$$00000002  c_w.l(rtexit2.o)
    0x08000228   0x00000004   Code   RO         4579    .ARM.Collect$$rtexit$$00000003  c_w.l(rtexit2.o)
    0x0800022c   0x00000006   Code   RO         4580    .ARM.Collect$$rtexit$$00000004  c_w.l(rtexit2.o)
    0x08000232   0x00000002   PAD
    0x08000234   0x00000040   Code   RO          381    .text               startup_stm32f107xc.o
    0x08000274   0x00000002   Code   RO         4475    .text               c_w.l(use_no_semi_2.o)
    0x08000276   0x000000ee   Code   RO         4477    .text               c_w.l(lludivv7m.o)
    0x08000364   0x00000006   Code   RO         4479    .text               c_w.l(heapauxi.o)
    0x0800036a   0x00000002   Code   RO         4483    .text               c_w.l(use_no_semi.o)
    0x0800036c   0x0000004a   Code   RO         4507    .text               c_w.l(sys_stackheap_outer.o)
    0x080003b6   0x00000012   Code   RO         4509    .text               c_w.l(exit.o)
    0x080003c8   0x00000008   Code   RO         4521    .text               c_w.l(libspace.o)
    0x080003d0   0x00000004   Code   RO          245    i.BusFault_Handler  stm32f1xx_it.o
    0x080003d4   0x000000ae   Code   RO         4207    i.Con_4_byte        oled.o
    0x08000482   0x00000002   PAD
    0x08000484   0x00000028   Code   RO         4014    i.DHT11_Task        task.o
    0x080004ac   0x00000010   Code   RO         3859    i.DMA1_Channel2_IRQHandler  usart.o
    0x080004bc   0x00000010   Code   RO         3860    i.DMA1_Channel3_IRQHandler  usart.o
    0x080004cc   0x00000010   Code   RO         3861    i.DMA1_Channel4_IRQHandler  usart.o
    0x080004dc   0x00000010   Code   RO         3862    i.DMA1_Channel5_IRQHandler  usart.o
    0x080004ec   0x00000010   Code   RO         3863    i.DMA1_Channel6_IRQHandler  usart.o
    0x080004fc   0x00000010   Code   RO         3864    i.DMA1_Channel7_IRQHandler  usart.o
    0x0800050c   0x00000010   Code   RO         3865    i.DMA2_Channel3_IRQHandler  usart.o
    0x0800051c   0x00000010   Code   RO         3866    i.DMA2_Channel5_IRQHandler  usart.o
    0x0800052c   0x0000002c   Code   RO          798    i.DMA_SetConfig     stm32f1xx_hal_dma.o
    0x08000558   0x00000002   Code   RO          246    i.DebugMon_Handler  stm32f1xx_it.o
    0x0800055a   0x00000042   Code   RO         4211    i.Fill_RAM          oled.o
    0x0800059c   0x00000058   Code   RO         4212    i.GetFontIndex      oled.o
    0x080005f4   0x0000003a   Code   RO          799    i.HAL_DMA_Abort     stm32f1xx_hal_dma.o
    0x0800062e   0x00000002   PAD
    0x08000630   0x000001a8   Code   RO          800    i.HAL_DMA_Abort_IT  stm32f1xx_hal_dma.o
    0x080007d8   0x00000398   Code   RO          804    i.HAL_DMA_IRQHandler  stm32f1xx_hal_dma.o
    0x08000b70   0x00000094   Code   RO          805    i.HAL_DMA_Init      stm32f1xx_hal_dma.o
    0x08000c04   0x0000009c   Code   RO          809    i.HAL_DMA_Start_IT  stm32f1xx_hal_dma.o
    0x08000ca0   0x00000028   Code   RO         3623    i.HAL_Delay         stm32f1xx_hal.o
    0x08000cc8   0x0000031c   Code   RO          896    i.HAL_GPIO_Init     stm32f1xx_hal_gpio.o
    0x08000fe4   0x0000000c   Code   RO          900    i.HAL_GPIO_WritePin  stm32f1xx_hal_gpio.o
    0x08000ff0   0x0000000c   Code   RO         3627    i.HAL_GetTick       stm32f1xx_hal.o
    0x08000ffc   0x00000018   Code   RO         3631    i.HAL_IncTick       stm32f1xx_hal.o
    0x08001014   0x00000028   Code   RO         3632    i.HAL_Init          stm32f1xx_hal.o
    0x0800103c   0x0000004c   Code   RO         3633    i.HAL_InitTick      stm32f1xx_hal.o
    0x08001088   0x00000090   Code   RO          357    i.HAL_MspInit       stm32f1xx_hal_msp.o
    0x08001118   0x0000001a   Code   RO          408    i.HAL_NVIC_EnableIRQ  stm32f1xx_hal_cortex.o
    0x08001132   0x0000007c   Code   RO          414    i.HAL_NVIC_SetPriority  stm32f1xx_hal_cortex.o
    0x080011ae   0x00000002   PAD
    0x080011b0   0x00000028   Code   RO          415    i.HAL_NVIC_SetPriorityGrouping  stm32f1xx_hal_cortex.o
    0x080011d8   0x000001a4   Code   RO         1584    i.HAL_RCC_ClockConfig  stm32f1xx_hal_rcc.o
    0x0800137c   0x0000000c   Code   RO         1589    i.HAL_RCC_GetHCLKFreq  stm32f1xx_hal_rcc.o
    0x08001388   0x00000020   Code   RO         1591    i.HAL_RCC_GetPCLK1Freq  stm32f1xx_hal_rcc.o
    0x080013a8   0x00000020   Code   RO         1592    i.HAL_RCC_GetPCLK2Freq  stm32f1xx_hal_rcc.o
    0x080013c8   0x00000128   Code   RO         1593    i.HAL_RCC_GetSysClockFreq  stm32f1xx_hal_rcc.o
    0x080014f0   0x00000548   Code   RO         1596    i.HAL_RCC_OscConfig  stm32f1xx_hal_rcc.o
    0x08001a38   0x00000028   Code   RO          417    i.HAL_SYSTICK_CLKSourceConfig  stm32f1xx_hal_cortex.o
    0x08001a60   0x00000002   Code   RO          418    i.HAL_SYSTICK_Callback  stm32f1xx_hal_cortex.o
    0x08001a62   0x00000034   Code   RO          419    i.HAL_SYSTICK_Config  stm32f1xx_hal_cortex.o
    0x08001a96   0x00000008   Code   RO          420    i.HAL_SYSTICK_IRQHandler  stm32f1xx_hal_cortex.o
    0x08001a9e   0x00000002   Code   RO         2738    i.HAL_TIMEx_BreakCallback  stm32f1xx_hal_tim_ex.o
    0x08001aa0   0x00000002   Code   RO         2739    i.HAL_TIMEx_CommutationCallback  stm32f1xx_hal_tim_ex.o
    0x08001aa2   0x00000034   Code   RO         2099    i.HAL_TIM_Base_Init  stm32f1xx_hal_tim.o
    0x08001ad6   0x00000002   PAD
    0x08001ad8   0x00000044   Code   RO         4159    i.HAL_TIM_Base_MspInit  timer.o
    0x08001b1c   0x0000001e   Code   RO         2104    i.HAL_TIM_Base_Start_IT  stm32f1xx_hal_tim.o
    0x08001b3a   0x00000002   Code   RO         2128    i.HAL_TIM_IC_CaptureCallback  stm32f1xx_hal_tim.o
    0x08001b3c   0x00000196   Code   RO         2141    i.HAL_TIM_IRQHandler  stm32f1xx_hal_tim.o
    0x08001cd2   0x00000002   Code   RO         2144    i.HAL_TIM_OC_DelayElapsedCallback  stm32f1xx_hal_tim.o
    0x08001cd4   0x00000002   Code   RO         2171    i.HAL_TIM_PWM_PulseFinishedCallback  stm32f1xx_hal_tim.o
    0x08001cd6   0x0000000e   Code   RO         4160    i.HAL_TIM_PeriodElapsedCallback  timer.o
    0x08001ce4   0x00000002   Code   RO         2182    i.HAL_TIM_TriggerCallback  stm32f1xx_hal_tim.o
    0x08001ce6   0x00000066   Code   RO         2990    i.HAL_UART_DMAStop  stm32f1xx_hal_uart.o
    0x08001d4c   0x00000002   Code   RO         2992    i.HAL_UART_ErrorCallback  stm32f1xx_hal_uart.o
    0x08001d4e   0x00000014   Code   RO         2994    i.HAL_UART_GetState  stm32f1xx_hal_uart.o
    0x08001d62   0x00000002   PAD
    0x08001d64   0x0000014c   Code   RO         2995    i.HAL_UART_IRQHandler  stm32f1xx_hal_uart.o
    0x08001eb0   0x00000072   Code   RO         2996    i.HAL_UART_Init     stm32f1xx_hal_uart.o
    0x08001f22   0x00000002   PAD
    0x08001f24   0x0000057c   Code   RO         3867    i.HAL_UART_MspInit  usart.o
    0x080024a0   0x000000c4   Code   RO         3000    i.HAL_UART_Receive_DMA  stm32f1xx_hal_uart.o
    0x08002564   0x000000ec   Code   RO         3868    i.HAL_UART_RxCpltCallback  usart.o
    0x08002650   0x00000002   Code   RO         3003    i.HAL_UART_RxHalfCpltCallback  stm32f1xx_hal_uart.o
    0x08002652   0x00000002   PAD
    0x08002654   0x0000009c   Code   RO         3005    i.HAL_UART_Transmit_DMA  stm32f1xx_hal_uart.o
    0x080026f0   0x00000002   Code   RO         3007    i.HAL_UART_TxCpltCallback  stm32f1xx_hal_uart.o
    0x080026f2   0x00000002   Code   RO         3008    i.HAL_UART_TxHalfCpltCallback  stm32f1xx_hal_uart.o
    0x080026f4   0x00000004   Code   RO          247    i.HardFault_Handler  stm32f1xx_it.o
    0x080026f8   0x0000000c   Code   RO         4015    i.InitTask          task.o
    0x08002704   0x00000006   Code   RO         4016    i.KEY_Task          task.o
    0x0800270a   0x00000002   PAD
    0x0800270c   0x0000004c   Code   RO         4093    i.LED_Init          led.o
    0x08002758   0x0000001c   Code   RO         4017    i.LED_Task          task.o
    0x08002774   0x00000004   Code   RO          248    i.MemManage_Handler  stm32f1xx_it.o
    0x08002778   0x00000002   Code   RO          249    i.NMI_Handler       stm32f1xx_it.o
    0x0800277a   0x00000002   PAD
    0x0800277c   0x00000010   Code   RO          421    i.NVIC_GetPriorityGrouping  stm32f1xx_hal_cortex.o
    0x0800278c   0x00000028   Code   RO          422    i.NVIC_SetPriority  stm32f1xx_hal_cortex.o
    0x080027b4   0x00000064   Code   RO         4215    i.OLED_DrawPoint    oled.o
    0x08002818   0x000001f8   Code   RO         4217    i.OLED_Init         oled.o
    0x08002a10   0x00000054   Code   RO         4218    i.OLED_MspInit      oled.o
    0x08002a64   0x00000044   Code   RO         4219    i.OLED_Refresh_Gram  oled.o
    0x08002aa8   0x00000114   Code   RO         4220    i.OLED_ShowChar     oled.o
    0x08002bbc   0x000000d4   Code   RO         4223    i.OLED_ShowText     oled.o
    0x08002c90   0x00000006   Code   RO         4018    i.OLED_Task         task.o
    0x08002c96   0x00000002   PAD
    0x08002c98   0x0000008c   Code   RO         4224    i.OLED_WR_Byte      oled.o
    0x08002d24   0x00000002   Code   RO          250    i.PendSV_Handler    stm32f1xx_it.o
    0x08002d26   0x00000002   PAD
    0x08002d28   0x00000028   Code   RO         1597    i.RCC_Delay         stm32f1xx_hal_rcc.o
    0x08002d50   0x00000006   Code   RO         4019    i.RG_AD_Task        task.o
    0x08002d56   0x00000002   Code   RO          251    i.SVC_Handler       stm32f1xx_it.o
    0x08002d58   0x00000020   Code   RO         4225    i.Set_Column_Address  oled.o
    0x08002d78   0x00000020   Code   RO         4233    i.Set_Row_Address   oled.o
    0x08002d98   0x0000000c   Code   RO         4235    i.Set_Write_RAM     oled.o
    0x08002da4   0x000000dc   Code   RO         4236    i.Show_Font         oled.o
    0x08002e80   0x00000066   Code   RO         3816    i.Stm32_Clock_Init  sys.o
    0x08002ee6   0x0000000c   Code   RO          252    i.SysTick_Handler   stm32f1xx_it.o
    0x08002ef2   0x00000002   PAD
    0x08002ef4   0x00000064   Code   RO          321    i.SystemInit        system_stm32f1xx.o
    0x08002f58   0x00000010   Code   RO         4161    i.TIM3_IRQHandler   timer.o
    0x08002f68   0x0000002c   Code   RO         4162    i.TIM3_Init         timer.o
    0x08002f94   0x00000084   Code   RO         2183    i.TIM_Base_SetConfig  stm32f1xx_hal_tim.o
    0x08003018   0x00000050   Code   RO         4020    i.TaskRun           task.o
    0x08003068   0x00000070   Code   RO         4021    i.TaskTick          task.o
    0x080030d8   0x00000070   Code   RO         3869    i.UART4_IRQHandler  usart.o
    0x08003148   0x00000014   Code   RO         3009    i.UART_DMAAbortOnError  stm32f1xx_hal_uart.o
    0x0800315c   0x00000050   Code   RO         3010    i.UART_DMAError     stm32f1xx_hal_uart.o
    0x080031ac   0x00000046   Code   RO         3011    i.UART_DMAReceiveCplt  stm32f1xx_hal_uart.o
    0x080031f2   0x0000000e   Code   RO         3013    i.UART_DMARxHalfCplt  stm32f1xx_hal_uart.o
    0x08003200   0x00000036   Code   RO         3015    i.UART_DMATransmitCplt  stm32f1xx_hal_uart.o
    0x08003236   0x0000000e   Code   RO         3017    i.UART_DMATxHalfCplt  stm32f1xx_hal_uart.o
    0x08003244   0x00000020   Code   RO         3019    i.UART_EndRxTransfer  stm32f1xx_hal_uart.o
    0x08003264   0x00000020   Code   RO         3020    i.UART_EndTransmit_IT  stm32f1xx_hal_uart.o
    0x08003284   0x00000014   Code   RO         3021    i.UART_EndTxTransfer  stm32f1xx_hal_uart.o
    0x08003298   0x000000a6   Code   RO         3022    i.UART_Receive_IT   stm32f1xx_hal_uart.o
    0x0800333e   0x00000002   PAD
    0x08003340   0x000001c8   Code   RO         3023    i.UART_SetConfig    stm32f1xx_hal_uart.o
    0x08003508   0x00000068   Code   RO         3024    i.UART_Transmit_IT  stm32f1xx_hal_uart.o
    0x08003570   0x00000070   Code   RO         3870    i.USART1_IRQHandler  usart.o
    0x080035e0   0x00000070   Code   RO         3871    i.USART2_IRQHandler  usart.o
    0x08003650   0x00000070   Code   RO         3872    i.USART3_IRQHandler  usart.o
    0x080036c0   0x00000018   Code   RO         4022    i.USART_Task        task.o
    0x080036d8   0x00000004   Code   RO          253    i.UsageFault_Handler  stm32f1xx_it.o
    0x080036dc   0x00000004   Code   RO         3873    i._sys_exit         usart.o
    0x080036e0   0x00000042   Code   RO         3874    i.com_init          usart.o
    0x08003722   0x0000003c   Code   RO         3877    i.com_send_str      usart.o
    0x0800375e   0x00000002   PAD
    0x08003760   0x00000014   Code   RO         3775    i.delay_init        delay.o
    0x08003774   0x00000034   Code   RO            4    i.main              main.o
    0x080037a8   0x0000002e   Code   RO         3879    i.receive_str_manage  usart.o
    0x080037d6   0x00000002   PAD
    0x080037d8   0x00000024   Code   RO            5    i.usart2_call_back  main.o
    0x080037fc   0x00000030   Code   RO            6    i.usart_init        main.o
    0x0800382c   0x00000018   Data   RO          322    .constdata          system_stm32f1xx.o
    0x08003844   0x00000020   Data   RO         4644    Region$$Table       anon$$obj.o


    Execution Region RW_IRAM1 (Base: 0x20000000, Size: 0x00007e50, Max: 0x00010000, ABSOLUTE, COMPRESSED[0x00002634])

    Base Addr    Size         Type   Attr      Idx    E Section Name        Object

    0x20000000   0x00000004   Data   RW          323    .data               system_stm32f1xx.o
    0x20000004   0x00000009   Data   RW         3639    .data               stm32f1xx_hal.o
    0x2000000d   0x00000003   PAD
    0x20000010   0x00000004   Data   RW         3778    .data               delay.o
    0x20000014   0x0000006a   Data   RW         4023    .data               task.o
    0x2000007e   0x00005a72   Data   RW         4241    .data               oled.o
    0x20005af0   0x000014c0   Zero   RW         3880    .bss                usart.o
    0x20006fb0   0x00000040   Zero   RW         4163    .bss                timer.o
    0x20006ff0   0x00000800   Zero   RW         4240    .bss                oled.o
    0x200077f0   0x00000060   Zero   RW         4522    .bss                c_w.l(libspace.o)
    0x20007850   0x00000200   Zero   RW          379    HEAP                startup_stm32f107xc.o
    0x20007a50   0x00000400   Zero   RW          378    STACK               startup_stm32f107xc.o


==============================================================================

Image component sizes


      Code (inc. data)   RO Data    RW Data    ZI Data      Debug   Object Name

        20          4          0          4          0        689   delay.o
        76          8          0          0          0        815   led.o
       136         20          0          0          0     644363   main.o
      2008         58          0      23154       2048      12842   oled.o
        64         26        336          0       1536        800   startup_stm32f107xc.o
       192         36          0          9          0       3789   stm32f1xx_hal.o
       348         22          0          0          0      27729   stm32f1xx_hal_cortex.o
      1750         28          0          0          0       5194   stm32f1xx_hal_dma.o
       808         32          0          0          0       2640   stm32f1xx_hal_gpio.o
       144          4          0          0          0        838   stm32f1xx_hal_msp.o
      2184        124          0          0          0       6176   stm32f1xx_hal_rcc.o
       628         18          0          0          0       5375   stm32f1xx_hal_tim.o
         4          0          0          0          0       1506   stm32f1xx_hal_tim_ex.o
      1990         40          0          0          0      14279   stm32f1xx_hal_uart.o
        36          0          0          0          0       3654   stm32f1xx_it.o
       102          0          0          0          0        703   sys.o
       100         16         24          4          0       1087   system_stm32f1xx.o
       314         48          0        106          0       5692   task.o
       142         24          0          0         64       2664   timer.o
      2392        184          0          0       5312      13521   usart.o

    ----------------------------------------------------------------------
     13468        692        392      23280       8960     754356   Object Totals
         0          0         32          0          0          0   (incl. Generated)
        30          0          0          3          0          0   (incl. Padding)

    ----------------------------------------------------------------------

      Code (inc. data)   RO Data    RW Data    ZI Data      Debug   Library Member Name

       100          0          0          0          0          0   __dclz77c.o
         8          0          0          0          0         68   __main.o
         0          0          0          0          0          0   __rtentry.o
        12          0          0          0          0          0   __rtentry2.o
         6          0          0          0          0          0   __rtentry4.o
        52          8          0          0          0          0   __scatter.o
        28          0          0          0          0          0   __scatter_zi.o
        18          0          0          0          0         80   exit.o
         6          0          0          0          0        152   heapauxi.o
         2          0          0          0          0          0   libinit.o
         2          0          0          0          0          0   libinit2.o
         2          0          0          0          0          0   libshutdown.o
         2          0          0          0          0          0   libshutdown2.o
         8          4          0          0         96         68   libspace.o
       238          0          0          0          0        100   lludivv7m.o
         2          0          0          0          0          0   rtexit.o
        10          0          0          0          0          0   rtexit2.o
        74          0          0          0          0         80   sys_stackheap_outer.o
         2          0          0          0          0         68   use_no_semi.o
         2          0          0          0          0         68   use_no_semi_2.o

    ----------------------------------------------------------------------
       576         12          0          0         96        684   Library Totals
         2          0          0          0          0          0   (incl. Padding)

    ----------------------------------------------------------------------

      Code (inc. data)   RO Data    RW Data    ZI Data      Debug   Library Name

       574         12          0          0         96        684   c_w.l

    ----------------------------------------------------------------------
       576         12          0          0         96        684   Library Totals

    ----------------------------------------------------------------------

==============================================================================


      Code (inc. data)   RO Data    RW Data    ZI Data      Debug   

     14044        704        392      23280       9056     748692   Grand Totals
     14044        704        392       9780       9056     748692   ELF Image Totals (compressed)
     14044        704        392       9780          0          0   ROM Totals

==============================================================================

    Total RO  Size (Code + RO Data)                14436 (  14.10kB)
    Total RW  Size (RW Data + ZI Data)             32336 (  31.58kB)
    Total ROM Size (Code + RO Data + RW Data)      24216 (  23.65kB)

==============================================================================

